Archive member included because of file (symbol)

c:/freescale/kds_v3/toolchain/bin/../lib/gcc/arm-none-eabi/4.8.4/armv7e-m/fpu\libgcc.a(_arm_addsubdf3.o)
                              ./Sources/main.o (__aeabi_i2d)
c:/freescale/kds_v3/toolchain/bin/../lib/gcc/arm-none-eabi/4.8.4/armv7e-m/fpu\libgcc.a(_arm_muldivdf3.o)
                              ./Sources/main.o (__aeabi_dmul)
c:/freescale/kds_v3/toolchain/bin/../lib/gcc/arm-none-eabi/4.8.4/armv7e-m/fpu\libgcc.a(_arm_truncdfsf2.o)
                              ./Sources/main.o (__aeabi_d2f)
c:/freescale/kds_v3/toolchain/bin/../lib/gcc/arm-none-eabi/4.8.4/../../../../arm-none-eabi/lib/armv7e-m/fpu\libg_s.a(lib_a-exit.o)
                              c:/freescale/kds_v3/toolchain/bin/../lib/gcc/arm-none-eabi/4.8.4/../../../../arm-none-eabi/lib/armv7e-m/fpu/crt0.o (exit)
c:/freescale/kds_v3/toolchain/bin/../lib/gcc/arm-none-eabi/4.8.4/../../../../arm-none-eabi/lib/armv7e-m/fpu\libg_s.a(lib_a-impure.o)
                              c:/freescale/kds_v3/toolchain/bin/../lib/gcc/arm-none-eabi/4.8.4/../../../../arm-none-eabi/lib/armv7e-m/fpu\libg_s.a(lib_a-exit.o) (_global_impure_ptr)
c:/freescale/kds_v3/toolchain/bin/../lib/gcc/arm-none-eabi/4.8.4/../../../../arm-none-eabi/lib/armv7e-m/fpu\libg_s.a(lib_a-init.o)
                              c:/freescale/kds_v3/toolchain/bin/../lib/gcc/arm-none-eabi/4.8.4/../../../../arm-none-eabi/lib/armv7e-m/fpu/crt0.o (__libc_init_array)
c:/freescale/kds_v3/toolchain/bin/../lib/gcc/arm-none-eabi/4.8.4/../../../../arm-none-eabi/lib/armv7e-m/fpu\libg_s.a(lib_a-memset.o)
                              c:/freescale/kds_v3/toolchain/bin/../lib/gcc/arm-none-eabi/4.8.4/../../../../arm-none-eabi/lib/armv7e-m/fpu/crt0.o (memset)
c:/freescale/kds_v3/toolchain/bin/../lib/gcc/arm-none-eabi/4.8.4/../../../../arm-none-eabi/lib/armv7e-m/fpu\libnosys.a(_exit.o)
                              c:/freescale/kds_v3/toolchain/bin/../lib/gcc/arm-none-eabi/4.8.4/../../../../arm-none-eabi/lib/armv7e-m/fpu\libg_s.a(lib_a-exit.o) (_exit)

Allocating common symbols
Common symbol       size              file

vo                  0xa               ./Sources/dma.o
testfloat_original  0x4               ./Sources/mcu_tracer.o
sendbuf             0x3e8             ./Sources/mcu_tracer.o
mainloop_iterations
                    0x4               ./Sources/mcu_tracer.o
debug2              0x4               ./Sources/mcu_tracer.o
monitorvars         0x370             ./Sources/mcu_tracer.o
recpos              0x2               ./Sources/uart1.o
voltage             0x14              ./Sources/main.o
global_checksum     0x4               ./Sources/mcu_tracer.o
testfloat_approx    0x4               ./Sources/mcu_tracer.o
current             0x10              ./Sources/main.o
debugbefore         0x4               ./Sources/mcu_tracer.o
mcu_tracer_checksum
                    0x1               ./Sources/mcu_tracer.o
cu                  0x8               ./Sources/dma.o
cur                 0x10              ./Sources/main.o
recievebuf          0xc8              ./Sources/uart1.o
debug1              0x4               ./Sources/mcu_tracer.o
vol                 0x14              ./Sources/main.o
adc_mux_current     0x4               ./Sources/dma.o
adc_mux_voltage     0x5               ./Sources/dma.o
debug3              0x4               ./Sources/mcu_tracer.o
testfloat           0x4               ./Sources/mcu_tracer.o

Discarded input sections

 .text          0x00000000        0x0 c:/freescale/kds_v3/toolchain/bin/../lib/gcc/arm-none-eabi/4.8.4/armv7e-m/fpu/crti.o
 .data          0x00000000        0x0 c:/freescale/kds_v3/toolchain/bin/../lib/gcc/arm-none-eabi/4.8.4/armv7e-m/fpu/crti.o
 .bss           0x00000000        0x0 c:/freescale/kds_v3/toolchain/bin/../lib/gcc/arm-none-eabi/4.8.4/armv7e-m/fpu/crti.o
 .data          0x00000000        0x4 c:/freescale/kds_v3/toolchain/bin/../lib/gcc/arm-none-eabi/4.8.4/armv7e-m/fpu/crtbegin.o
 .data          0x00000000        0x0 c:/freescale/kds_v3/toolchain/bin/../lib/gcc/arm-none-eabi/4.8.4/../../../../arm-none-eabi/lib/armv7e-m/fpu/crt0.o
 .bss           0x00000000        0x0 c:/freescale/kds_v3/toolchain/bin/../lib/gcc/arm-none-eabi/4.8.4/../../../../arm-none-eabi/lib/armv7e-m/fpu/crt0.o
 .ARM.extab     0x00000000        0x0 c:/freescale/kds_v3/toolchain/bin/../lib/gcc/arm-none-eabi/4.8.4/../../../../arm-none-eabi/lib/armv7e-m/fpu/crt0.o
 .group         0x00000000        0x8 ./Sources/EPWM.o
 .group         0x00000000        0x8 ./Sources/EPWM.o
 .group         0x00000000        0x8 ./Sources/EPWM.o
 .group         0x00000000        0x8 ./Sources/EPWM.o
 .group         0x00000000        0x8 ./Sources/EPWM.o
 .group         0x00000000        0x8 ./Sources/EPWM.o
 .group         0x00000000        0x8 ./Sources/EPWM.o
 .group         0x00000000        0x8 ./Sources/EPWM.o
 .group         0x00000000        0x8 ./Sources/EPWM.o
 .group         0x00000000        0x8 ./Sources/EPWM.o
 .group         0x00000000        0x8 ./Sources/EPWM.o
 .group         0x00000000        0x8 ./Sources/EPWM.o
 .group         0x00000000        0x8 ./Sources/EPWM.o
 .text          0x00000000        0x0 ./Sources/EPWM.o
 .data          0x00000000        0x0 ./Sources/EPWM.o
 .bss           0x00000000        0x0 ./Sources/EPWM.o
 .text.NVIC_EnableIRQ
                0x00000000       0x30 ./Sources/EPWM.o
 .text.FTM_protect_init
                0x00000000       0xc0 ./Sources/EPWM.o
 .text.FTM_fault_interrupt_enable
                0x00000000       0x1c ./Sources/EPWM.o
 .text.FTM_clear_error
                0x00000000       0x48 ./Sources/EPWM.o
 .text.PWM_set_dutycycle
                0x00000000       0xec ./Sources/EPWM.o
 .text.PWM_set_dutycycle1
                0x00000000       0x5c ./Sources/EPWM.o
 .text.PWM_set_dutycycle2
                0x00000000       0x5c ./Sources/EPWM.o
 .text.PWM_set_dutycycle3
                0x00000000       0x5c ./Sources/EPWM.o
 .text.PWM_set_dutycycle4
                0x00000000       0x5c ./Sources/EPWM.o
 .text.PWM_deadtime_enable
                0x00000000       0x1c ./Sources/EPWM.o
 .text.PWM_set_deadtime
                0x00000000       0x2c ./Sources/EPWM.o
 .text.PWM_set_frequency
                0x00000000       0x24 ./Sources/EPWM.o
 .text.PWM_init
                0x00000000      0x11c ./Sources/EPWM.o
 .group         0x00000000        0x8 ./Sources/VREF.o
 .group         0x00000000        0x8 ./Sources/VREF.o
 .group         0x00000000        0x8 ./Sources/VREF.o
 .group         0x00000000        0x8 ./Sources/VREF.o
 .group         0x00000000        0x8 ./Sources/VREF.o
 .group         0x00000000        0x8 ./Sources/VREF.o
 .group         0x00000000        0x8 ./Sources/VREF.o
 .group         0x00000000        0x8 ./Sources/VREF.o
 .group         0x00000000        0x8 ./Sources/VREF.o
 .group         0x00000000        0x8 ./Sources/VREF.o
 .group         0x00000000        0x8 ./Sources/VREF.o
 .group         0x00000000        0x8 ./Sources/VREF.o
 .text          0x00000000        0x0 ./Sources/VREF.o
 .data          0x00000000        0x0 ./Sources/VREF.o
 .bss           0x00000000        0x0 ./Sources/VREF.o
 .debug_macro   0x00000000      0x850 ./Sources/VREF.o
 .debug_macro   0x00000000       0x16 ./Sources/VREF.o
 .debug_macro   0x00000000       0x16 ./Sources/VREF.o
 .debug_macro   0x00000000       0x44 ./Sources/VREF.o
 .debug_macro   0x00000000      0x209 ./Sources/VREF.o
 .debug_macro   0x00000000       0x55 ./Sources/VREF.o
 .debug_macro   0x00000000       0x3b ./Sources/VREF.o
 .debug_macro   0x00000000       0x34 ./Sources/VREF.o
 .debug_macro   0x00000000       0x26 ./Sources/VREF.o
 .debug_macro   0x00000000      0xd1d ./Sources/VREF.o
 .debug_macro   0x00000000       0xda ./Sources/VREF.o
 .debug_macro   0x00000000     0xefee ./Sources/VREF.o
 .group         0x00000000        0x8 ./Sources/adc.o
 .group         0x00000000        0x8 ./Sources/adc.o
 .group         0x00000000        0x8 ./Sources/adc.o
 .group         0x00000000        0x8 ./Sources/adc.o
 .group         0x00000000        0x8 ./Sources/adc.o
 .group         0x00000000        0x8 ./Sources/adc.o
 .group         0x00000000        0x8 ./Sources/adc.o
 .group         0x00000000        0x8 ./Sources/adc.o
 .group         0x00000000        0x8 ./Sources/adc.o
 .group         0x00000000        0x8 ./Sources/adc.o
 .group         0x00000000        0x8 ./Sources/adc.o
 .group         0x00000000        0x8 ./Sources/adc.o
 .text          0x00000000        0x0 ./Sources/adc.o
 .data          0x00000000        0x0 ./Sources/adc.o
 .bss           0x00000000        0x0 ./Sources/adc.o
 .text.ADC_read
                0x00000000       0x48 ./Sources/adc.o
 .debug_macro   0x00000000      0x850 ./Sources/adc.o
 .debug_macro   0x00000000       0x16 ./Sources/adc.o
 .debug_macro   0x00000000       0x16 ./Sources/adc.o
 .debug_macro   0x00000000       0x44 ./Sources/adc.o
 .debug_macro   0x00000000      0x209 ./Sources/adc.o
 .debug_macro   0x00000000       0x55 ./Sources/adc.o
 .debug_macro   0x00000000       0x3b ./Sources/adc.o
 .debug_macro   0x00000000       0x34 ./Sources/adc.o
 .debug_macro   0x00000000       0x26 ./Sources/adc.o
 .debug_macro   0x00000000      0xd1d ./Sources/adc.o
 .debug_macro   0x00000000       0xda ./Sources/adc.o
 .debug_macro   0x00000000     0xefee ./Sources/adc.o
 .group         0x00000000        0x8 ./Sources/dma.o
 .group         0x00000000        0x8 ./Sources/dma.o
 .group         0x00000000        0x8 ./Sources/dma.o
 .group         0x00000000        0x8 ./Sources/dma.o
 .group         0x00000000        0x8 ./Sources/dma.o
 .group         0x00000000        0x8 ./Sources/dma.o
 .group         0x00000000        0x8 ./Sources/dma.o
 .group         0x00000000        0x8 ./Sources/dma.o
 .group         0x00000000        0x8 ./Sources/dma.o
 .group         0x00000000        0x8 ./Sources/dma.o
 .group         0x00000000        0x8 ./Sources/dma.o
 .group         0x00000000        0x8 ./Sources/dma.o
 .group         0x00000000        0x8 ./Sources/dma.o
 .text          0x00000000        0x0 ./Sources/dma.o
 .data          0x00000000        0x0 ./Sources/dma.o
 .bss           0x00000000        0x0 ./Sources/dma.o
 .debug_macro   0x00000000      0x850 ./Sources/dma.o
 .debug_macro   0x00000000       0x16 ./Sources/dma.o
 .debug_macro   0x00000000       0x16 ./Sources/dma.o
 .debug_macro   0x00000000       0x44 ./Sources/dma.o
 .debug_macro   0x00000000      0x209 ./Sources/dma.o
 .debug_macro   0x00000000       0x55 ./Sources/dma.o
 .debug_macro   0x00000000       0x3b ./Sources/dma.o
 .debug_macro   0x00000000       0x34 ./Sources/dma.o
 .debug_macro   0x00000000       0x26 ./Sources/dma.o
 .debug_macro   0x00000000      0xd1d ./Sources/dma.o
 .debug_macro   0x00000000       0xda ./Sources/dma.o
 .debug_macro   0x00000000     0xefee ./Sources/dma.o
 .group         0x00000000        0x8 ./Sources/main.o
 .group         0x00000000        0x8 ./Sources/main.o
 .group         0x00000000        0x8 ./Sources/main.o
 .group         0x00000000        0x8 ./Sources/main.o
 .group         0x00000000        0x8 ./Sources/main.o
 .group         0x00000000        0x8 ./Sources/main.o
 .group         0x00000000        0x8 ./Sources/main.o
 .group         0x00000000        0x8 ./Sources/main.o
 .group         0x00000000        0x8 ./Sources/main.o
 .group         0x00000000        0x8 ./Sources/main.o
 .group         0x00000000        0x8 ./Sources/main.o
 .group         0x00000000        0x8 ./Sources/main.o
 .group         0x00000000        0x8 ./Sources/main.o
 .group         0x00000000        0x8 ./Sources/main.o
 .text          0x00000000        0x0 ./Sources/main.o
 .data          0x00000000        0x0 ./Sources/main.o
 .bss           0x00000000        0x0 ./Sources/main.o
 .debug_macro   0x00000000      0x850 ./Sources/main.o
 .debug_macro   0x00000000       0x16 ./Sources/main.o
 .debug_macro   0x00000000       0x16 ./Sources/main.o
 .debug_macro   0x00000000       0x44 ./Sources/main.o
 .debug_macro   0x00000000      0x209 ./Sources/main.o
 .debug_macro   0x00000000       0x55 ./Sources/main.o
 .debug_macro   0x00000000       0x3b ./Sources/main.o
 .debug_macro   0x00000000       0x34 ./Sources/main.o
 .debug_macro   0x00000000       0x26 ./Sources/main.o
 .debug_macro   0x00000000      0xd1d ./Sources/main.o
 .debug_macro   0x00000000       0xda ./Sources/main.o
 .debug_macro   0x00000000     0xefee ./Sources/main.o
 .debug_macro   0x00000000       0x10 ./Sources/main.o
 .debug_macro   0x00000000       0x22 ./Sources/main.o
 .group         0x00000000        0x8 ./Sources/mcu_tracer.o
 .group         0x00000000        0x8 ./Sources/mcu_tracer.o
 .group         0x00000000        0x8 ./Sources/mcu_tracer.o
 .group         0x00000000        0x8 ./Sources/mcu_tracer.o
 .group         0x00000000        0x8 ./Sources/mcu_tracer.o
 .group         0x00000000        0x8 ./Sources/mcu_tracer.o
 .group         0x00000000        0x8 ./Sources/mcu_tracer.o
 .group         0x00000000        0x8 ./Sources/mcu_tracer.o
 .group         0x00000000        0x8 ./Sources/mcu_tracer.o
 .group         0x00000000        0x8 ./Sources/mcu_tracer.o
 .group         0x00000000        0x8 ./Sources/mcu_tracer.o
 .group         0x00000000        0x8 ./Sources/mcu_tracer.o
 .group         0x00000000        0x8 ./Sources/mcu_tracer.o
 .group         0x00000000        0x8 ./Sources/mcu_tracer.o
 .group         0x00000000        0x8 ./Sources/mcu_tracer.o
 .group         0x00000000        0x8 ./Sources/mcu_tracer.o
 .text          0x00000000        0x0 ./Sources/mcu_tracer.o
 .data          0x00000000        0x0 ./Sources/mcu_tracer.o
 .bss           0x00000000        0x0 ./Sources/mcu_tracer.o
 .debug_macro   0x00000000      0x850 ./Sources/mcu_tracer.o
 .debug_macro   0x00000000       0x16 ./Sources/mcu_tracer.o
 .debug_macro   0x00000000       0x44 ./Sources/mcu_tracer.o
 .debug_macro   0x00000000      0x209 ./Sources/mcu_tracer.o
 .debug_macro   0x00000000       0x22 ./Sources/mcu_tracer.o
 .group         0x00000000        0x8 ./Sources/uart1.o
 .group         0x00000000        0x8 ./Sources/uart1.o
 .group         0x00000000        0x8 ./Sources/uart1.o
 .group         0x00000000        0x8 ./Sources/uart1.o
 .group         0x00000000        0x8 ./Sources/uart1.o
 .group         0x00000000        0x8 ./Sources/uart1.o
 .group         0x00000000        0x8 ./Sources/uart1.o
 .group         0x00000000        0x8 ./Sources/uart1.o
 .group         0x00000000        0x8 ./Sources/uart1.o
 .group         0x00000000        0x8 ./Sources/uart1.o
 .group         0x00000000        0x8 ./Sources/uart1.o
 .group         0x00000000        0x8 ./Sources/uart1.o
 .group         0x00000000        0x8 ./Sources/uart1.o
 .group         0x00000000        0x8 ./Sources/uart1.o
 .group         0x00000000        0x8 ./Sources/uart1.o
 .group         0x00000000        0x8 ./Sources/uart1.o
 .group         0x00000000        0x8 ./Sources/uart1.o
 .group         0x00000000        0x8 ./Sources/uart1.o
 .group         0x00000000        0x8 ./Sources/uart1.o
 .group         0x00000000        0x8 ./Sources/uart1.o
 .group         0x00000000        0x8 ./Sources/uart1.o
 .group         0x00000000        0x8 ./Sources/uart1.o
 .group         0x00000000        0x8 ./Sources/uart1.o
 .group         0x00000000        0x8 ./Sources/uart1.o
 .group         0x00000000        0x8 ./Sources/uart1.o
 .group         0x00000000        0x8 ./Sources/uart1.o
 .group         0x00000000        0x8 ./Sources/uart1.o
 .group         0x00000000        0x8 ./Sources/uart1.o
 .group         0x00000000        0x8 ./Sources/uart1.o
 .text          0x00000000        0x0 ./Sources/uart1.o
 .data          0x00000000        0x0 ./Sources/uart1.o
 .bss           0x00000000        0x0 ./Sources/uart1.o
 .text.UART1_txChar
                0x00000000       0x30 ./Sources/uart1.o
 .bss.dummyzero
                0x00000000        0x1 ./Sources/uart1.o
 .text.UART1_dmaconfig
                0x00000000       0xd0 ./Sources/uart1.o
 .text.UART1_dma_complete
                0x00000000       0x24 ./Sources/uart1.o
 .text.UART1_dma_config_rec
                0x00000000       0xc4 ./Sources/uart1.o
 .debug_macro   0x00000000      0x850 ./Sources/uart1.o
 .debug_macro   0x00000000       0x58 ./Sources/uart1.o
 .debug_macro   0x00000000       0x16 ./Sources/uart1.o
 .debug_macro   0x00000000       0x35 ./Sources/uart1.o
 .debug_macro   0x00000000       0xa3 ./Sources/uart1.o
 .debug_macro   0x00000000       0x52 ./Sources/uart1.o
 .debug_macro   0x00000000       0x16 ./Sources/uart1.o
 .debug_macro   0x00000000       0x43 ./Sources/uart1.o
 .debug_macro   0x00000000      0x180 ./Sources/uart1.o
 .debug_macro   0x00000000       0x16 ./Sources/uart1.o
 .debug_macro   0x00000000       0x55 ./Sources/uart1.o
 .debug_macro   0x00000000       0x3b ./Sources/uart1.o
 .debug_macro   0x00000000       0x34 ./Sources/uart1.o
 .debug_macro   0x00000000       0x26 ./Sources/uart1.o
 .debug_macro   0x00000000      0xd1d ./Sources/uart1.o
 .debug_macro   0x00000000       0xda ./Sources/uart1.o
 .debug_macro   0x00000000     0xefee ./Sources/uart1.o
 .debug_macro   0x00000000       0x22 ./Sources/uart1.o
 .data          0x00000000        0x0 ./Project_Settings/Startup_Code/startup_MK22F51212.o
 .bss           0x00000000        0x0 ./Project_Settings/Startup_Code/startup_MK22F51212.o
 .group         0x00000000        0x8 ./Project_Settings/Startup_Code/system_MK22F51212.o
 .group         0x00000000        0x8 ./Project_Settings/Startup_Code/system_MK22F51212.o
 .group         0x00000000        0x8 ./Project_Settings/Startup_Code/system_MK22F51212.o
 .group         0x00000000        0x8 ./Project_Settings/Startup_Code/system_MK22F51212.o
 .group         0x00000000        0x8 ./Project_Settings/Startup_Code/system_MK22F51212.o
 .group         0x00000000        0x8 ./Project_Settings/Startup_Code/system_MK22F51212.o
 .group         0x00000000        0x8 ./Project_Settings/Startup_Code/system_MK22F51212.o
 .group         0x00000000        0x8 ./Project_Settings/Startup_Code/system_MK22F51212.o
 .group         0x00000000        0x8 ./Project_Settings/Startup_Code/system_MK22F51212.o
 .group         0x00000000        0x8 ./Project_Settings/Startup_Code/system_MK22F51212.o
 .group         0x00000000        0x8 ./Project_Settings/Startup_Code/system_MK22F51212.o
 .text          0x00000000        0x0 ./Project_Settings/Startup_Code/system_MK22F51212.o
 .data          0x00000000        0x0 ./Project_Settings/Startup_Code/system_MK22F51212.o
 .bss           0x00000000        0x0 ./Project_Settings/Startup_Code/system_MK22F51212.o
 .text.SystemCoreClockUpdate
                0x00000000      0x270 ./Project_Settings/Startup_Code/system_MK22F51212.o
 .debug_macro   0x00000000      0x850 ./Project_Settings/Startup_Code/system_MK22F51212.o
 .debug_macro   0x00000000       0x16 ./Project_Settings/Startup_Code/system_MK22F51212.o
 .debug_macro   0x00000000       0x44 ./Project_Settings/Startup_Code/system_MK22F51212.o
 .debug_macro   0x00000000      0x209 ./Project_Settings/Startup_Code/system_MK22F51212.o
 .debug_macro   0x00000000       0x3b ./Project_Settings/Startup_Code/system_MK22F51212.o
 .debug_macro   0x00000000       0x34 ./Project_Settings/Startup_Code/system_MK22F51212.o
 .debug_macro   0x00000000       0x26 ./Project_Settings/Startup_Code/system_MK22F51212.o
 .debug_macro   0x00000000      0xd1d ./Project_Settings/Startup_Code/system_MK22F51212.o
 .debug_macro   0x00000000       0xda ./Project_Settings/Startup_Code/system_MK22F51212.o
 .debug_macro   0x00000000     0xefee ./Project_Settings/Startup_Code/system_MK22F51212.o
 .data          0x00000000        0x0 c:/freescale/kds_v3/toolchain/bin/../lib/gcc/arm-none-eabi/4.8.4/armv7e-m/fpu\libgcc.a(_arm_addsubdf3.o)
 .bss           0x00000000        0x0 c:/freescale/kds_v3/toolchain/bin/../lib/gcc/arm-none-eabi/4.8.4/armv7e-m/fpu\libgcc.a(_arm_addsubdf3.o)
 .data          0x00000000        0x0 c:/freescale/kds_v3/toolchain/bin/../lib/gcc/arm-none-eabi/4.8.4/armv7e-m/fpu\libgcc.a(_arm_muldivdf3.o)
 .bss           0x00000000        0x0 c:/freescale/kds_v3/toolchain/bin/../lib/gcc/arm-none-eabi/4.8.4/armv7e-m/fpu\libgcc.a(_arm_muldivdf3.o)
 .data          0x00000000        0x0 c:/freescale/kds_v3/toolchain/bin/../lib/gcc/arm-none-eabi/4.8.4/armv7e-m/fpu\libgcc.a(_arm_truncdfsf2.o)
 .bss           0x00000000        0x0 c:/freescale/kds_v3/toolchain/bin/../lib/gcc/arm-none-eabi/4.8.4/armv7e-m/fpu\libgcc.a(_arm_truncdfsf2.o)
 .text          0x00000000        0x0 c:/freescale/kds_v3/toolchain/bin/../lib/gcc/arm-none-eabi/4.8.4/../../../../arm-none-eabi/lib/armv7e-m/fpu\libg_s.a(lib_a-exit.o)
 .data          0x00000000        0x0 c:/freescale/kds_v3/toolchain/bin/../lib/gcc/arm-none-eabi/4.8.4/../../../../arm-none-eabi/lib/armv7e-m/fpu\libg_s.a(lib_a-exit.o)
 .bss           0x00000000        0x0 c:/freescale/kds_v3/toolchain/bin/../lib/gcc/arm-none-eabi/4.8.4/../../../../arm-none-eabi/lib/armv7e-m/fpu\libg_s.a(lib_a-exit.o)
 .text          0x00000000        0x0 c:/freescale/kds_v3/toolchain/bin/../lib/gcc/arm-none-eabi/4.8.4/../../../../arm-none-eabi/lib/armv7e-m/fpu\libg_s.a(lib_a-impure.o)
 .data          0x00000000        0x0 c:/freescale/kds_v3/toolchain/bin/../lib/gcc/arm-none-eabi/4.8.4/../../../../arm-none-eabi/lib/armv7e-m/fpu\libg_s.a(lib_a-impure.o)
 .bss           0x00000000        0x0 c:/freescale/kds_v3/toolchain/bin/../lib/gcc/arm-none-eabi/4.8.4/../../../../arm-none-eabi/lib/armv7e-m/fpu\libg_s.a(lib_a-impure.o)
 .data._impure_ptr
                0x00000000        0x4 c:/freescale/kds_v3/toolchain/bin/../lib/gcc/arm-none-eabi/4.8.4/../../../../arm-none-eabi/lib/armv7e-m/fpu\libg_s.a(lib_a-impure.o)
 .text          0x00000000        0x0 c:/freescale/kds_v3/toolchain/bin/../lib/gcc/arm-none-eabi/4.8.4/../../../../arm-none-eabi/lib/armv7e-m/fpu\libg_s.a(lib_a-init.o)
 .data          0x00000000        0x0 c:/freescale/kds_v3/toolchain/bin/../lib/gcc/arm-none-eabi/4.8.4/../../../../arm-none-eabi/lib/armv7e-m/fpu\libg_s.a(lib_a-init.o)
 .bss           0x00000000        0x0 c:/freescale/kds_v3/toolchain/bin/../lib/gcc/arm-none-eabi/4.8.4/../../../../arm-none-eabi/lib/armv7e-m/fpu\libg_s.a(lib_a-init.o)
 .text          0x00000000        0x0 c:/freescale/kds_v3/toolchain/bin/../lib/gcc/arm-none-eabi/4.8.4/../../../../arm-none-eabi/lib/armv7e-m/fpu\libg_s.a(lib_a-memset.o)
 .data          0x00000000        0x0 c:/freescale/kds_v3/toolchain/bin/../lib/gcc/arm-none-eabi/4.8.4/../../../../arm-none-eabi/lib/armv7e-m/fpu\libg_s.a(lib_a-memset.o)
 .bss           0x00000000        0x0 c:/freescale/kds_v3/toolchain/bin/../lib/gcc/arm-none-eabi/4.8.4/../../../../arm-none-eabi/lib/armv7e-m/fpu\libg_s.a(lib_a-memset.o)
 .text          0x00000000        0x0 c:/freescale/kds_v3/toolchain/bin/../lib/gcc/arm-none-eabi/4.8.4/../../../../arm-none-eabi/lib/armv7e-m/fpu\libnosys.a(_exit.o)
 .data          0x00000000        0x0 c:/freescale/kds_v3/toolchain/bin/../lib/gcc/arm-none-eabi/4.8.4/../../../../arm-none-eabi/lib/armv7e-m/fpu\libnosys.a(_exit.o)
 .bss           0x00000000        0x0 c:/freescale/kds_v3/toolchain/bin/../lib/gcc/arm-none-eabi/4.8.4/../../../../arm-none-eabi/lib/armv7e-m/fpu\libnosys.a(_exit.o)
 .text          0x00000000        0x0 c:/freescale/kds_v3/toolchain/bin/../lib/gcc/arm-none-eabi/4.8.4/armv7e-m/fpu/crtend.o
 .data          0x00000000        0x0 c:/freescale/kds_v3/toolchain/bin/../lib/gcc/arm-none-eabi/4.8.4/armv7e-m/fpu/crtend.o
 .bss           0x00000000        0x0 c:/freescale/kds_v3/toolchain/bin/../lib/gcc/arm-none-eabi/4.8.4/armv7e-m/fpu/crtend.o
 .eh_frame      0x00000000        0x4 c:/freescale/kds_v3/toolchain/bin/../lib/gcc/arm-none-eabi/4.8.4/armv7e-m/fpu/crtend.o
 .text          0x00000000        0x0 c:/freescale/kds_v3/toolchain/bin/../lib/gcc/arm-none-eabi/4.8.4/armv7e-m/fpu/crtn.o
 .data          0x00000000        0x0 c:/freescale/kds_v3/toolchain/bin/../lib/gcc/arm-none-eabi/4.8.4/armv7e-m/fpu/crtn.o
 .bss           0x00000000        0x0 c:/freescale/kds_v3/toolchain/bin/../lib/gcc/arm-none-eabi/4.8.4/armv7e-m/fpu/crtn.o

Memory Configuration

Name             Origin             Length             Attributes
m_interrupts     0x00000000         0x00000400         xr
m_flash_config   0x00000400         0x00000010         xr
m_text           0x00000410         0x0007fbf0         xr
m_data           0x1fff0000         0x00010000         rw
m_data_2         0x20000000         0x00010000         rw
*default*        0x00000000         0xffffffff

Linker script and memory map

LOAD c:/freescale/kds_v3/toolchain/bin/../lib/gcc/arm-none-eabi/4.8.4/armv7e-m/fpu/crti.o
LOAD c:/freescale/kds_v3/toolchain/bin/../lib/gcc/arm-none-eabi/4.8.4/armv7e-m/fpu/crtbegin.o
LOAD c:/freescale/kds_v3/toolchain/bin/../lib/gcc/arm-none-eabi/4.8.4/../../../../arm-none-eabi/lib/armv7e-m/fpu/crt0.o
LOAD ./Sources/EPWM.o
LOAD ./Sources/VREF.o
LOAD ./Sources/adc.o
LOAD ./Sources/dma.o
LOAD ./Sources/main.o
LOAD ./Sources/mcu_tracer.o
LOAD ./Sources/uart1.o
LOAD ./Project_Settings/Startup_Code/startup_MK22F51212.o
LOAD ./Project_Settings/Startup_Code/system_MK22F51212.o
LOAD c:/freescale/kds_v3/toolchain/bin/../lib/gcc/arm-none-eabi/4.8.4/../../../../arm-none-eabi/lib/armv7e-m/fpu\libstdc++_s.a
LOAD c:/freescale/kds_v3/toolchain/bin/../lib/gcc/arm-none-eabi/4.8.4/../../../../arm-none-eabi/lib/armv7e-m/fpu\libm.a
START GROUP
LOAD c:/freescale/kds_v3/toolchain/bin/../lib/gcc/arm-none-eabi/4.8.4/armv7e-m/fpu\libgcc.a
LOAD c:/freescale/kds_v3/toolchain/bin/../lib/gcc/arm-none-eabi/4.8.4/../../../../arm-none-eabi/lib/armv7e-m/fpu\libg_s.a
LOAD c:/freescale/kds_v3/toolchain/bin/../lib/gcc/arm-none-eabi/4.8.4/../../../../arm-none-eabi/lib/armv7e-m/fpu\libc_s.a
END GROUP
START GROUP
LOAD c:/freescale/kds_v3/toolchain/bin/../lib/gcc/arm-none-eabi/4.8.4/armv7e-m/fpu\libgcc.a
LOAD c:/freescale/kds_v3/toolchain/bin/../lib/gcc/arm-none-eabi/4.8.4/../../../../arm-none-eabi/lib/armv7e-m/fpu\libc_s.a
LOAD c:/freescale/kds_v3/toolchain/bin/../lib/gcc/arm-none-eabi/4.8.4/../../../../arm-none-eabi/lib/armv7e-m/fpu\libnosys.a
END GROUP
START GROUP
LOAD c:/freescale/kds_v3/toolchain/bin/../lib/gcc/arm-none-eabi/4.8.4/armv7e-m/fpu\libgcc.a
LOAD c:/freescale/kds_v3/toolchain/bin/../lib/gcc/arm-none-eabi/4.8.4/../../../../arm-none-eabi/lib/armv7e-m/fpu\libc_s.a
LOAD c:/freescale/kds_v3/toolchain/bin/../lib/gcc/arm-none-eabi/4.8.4/../../../../arm-none-eabi/lib/armv7e-m/fpu\libnosys.a
END GROUP
LOAD c:/freescale/kds_v3/toolchain/bin/../lib/gcc/arm-none-eabi/4.8.4/armv7e-m/fpu/crtend.o
LOAD c:/freescale/kds_v3/toolchain/bin/../lib/gcc/arm-none-eabi/4.8.4/armv7e-m/fpu/crtn.o
                0x00000400                HEAP_SIZE = DEFINED (__heap_size__)?__heap_size__:0x400
                0x00000400                STACK_SIZE = DEFINED (__stack_size__)?__stack_size__:0x400

.interrupts     0x00000000      0x400
                0x00000000                __VECTOR_TABLE = .
                0x00000000                . = ALIGN (0x4)
 *(.isr_vector)
 .isr_vector    0x00000000      0x400 ./Project_Settings/Startup_Code/startup_MK22F51212.o
                0x00000000                __isr_vector
                0x00000400                . = ALIGN (0x4)

.flash_config   0x00000400       0x10
                0x00000400                . = ALIGN (0x4)
 *(.FlashConfig)
 .FlashConfig   0x00000400       0x10 ./Project_Settings/Startup_Code/startup_MK22F51212.o
                0x00000410                . = ALIGN (0x4)

.text           0x00000410     0x2778
                0x00000410                . = ALIGN (0x4)
 *(.text)
 .text          0x00000410       0x54 c:/freescale/kds_v3/toolchain/bin/../lib/gcc/arm-none-eabi/4.8.4/armv7e-m/fpu/crtbegin.o
 .text          0x00000464       0x74 c:/freescale/kds_v3/toolchain/bin/../lib/gcc/arm-none-eabi/4.8.4/../../../../arm-none-eabi/lib/armv7e-m/fpu/crt0.o
                0x00000464                _start
                0x00000464                _mainCRTStartup
 .text          0x000004d8       0x30 ./Project_Settings/Startup_Code/startup_MK22F51212.o
                0x000004d8                Reset_Handler
                0x00000504                Reserved54_IRQHandler
                0x00000504                DebugMon_Handler
                0x00000504                I2C0_IRQHandler
                0x00000504                HardFault_Handler
                0x00000504                Reserved86_IRQHandler
                0x00000504                Reserved85_IRQHandler
                0x00000504                SysTick_Handler
                0x00000504                PendSV_Handler
                0x00000504                NMI_Handler
                0x00000504                UART0_RX_TX_IRQHandler
                0x00000504                I2C1_IRQHandler
                0x00000504                DMA2_IRQHandler
                0x00000504                Reserved99_IRQHandler
                0x00000504                PIT0_IRQHandler
                0x00000504                LLWU_IRQHandler
                0x00000504                Reserved84_IRQHandler
                0x00000504                Reserved92_IRQHandler
                0x00000504                UART2_RX_TX_IRQHandler
                0x00000504                SWI_IRQHandler
                0x00000504                ADC0_IRQHandler
                0x00000504                UsageFault_Handler
                0x00000504                I2S0_Tx_IRQHandler
                0x00000504                SPI1_IRQHandler
                0x00000504                DefaultISR
                0x00000504                DMA9_IRQHandler
                0x00000504                DMA14_IRQHandler
                0x00000504                Reserved82_IRQHandler
                0x00000504                CMP1_IRQHandler
                0x00000504                Reserved71_IRQHandler
                0x00000504                PORTD_IRQHandler
                0x00000504                PORTB_IRQHandler
                0x00000504                Reserved70_IRQHandler
                0x00000504                ADC1_IRQHandler
                0x00000504                PIT2_IRQHandler
                0x00000504                I2S0_Rx_IRQHandler
                0x00000504                Reserved53_IRQHandler
                0x00000504                DMA5_IRQHandler
                0x00000504                RTC_IRQHandler
                0x00000504                PDB0_IRQHandler
                0x00000504                Reserved96_IRQHandler
                0x00000504                FTM1_IRQHandler
                0x00000504                Reserved61_IRQHandler
                0x00000504                Reserved95_IRQHandler
                0x00000504                PIT3_IRQHandler
                0x00000504                RTC_Seconds_IRQHandler
                0x00000504                MCG_IRQHandler
                0x00000504                UART2_ERR_IRQHandler
                0x00000504                DMA11_IRQHandler
                0x00000504                Read_Collision_IRQHandler
                0x00000504                Reserved98_IRQHandler
                0x00000504                DMA7_IRQHandler
                0x00000504                Reserved101_IRQHandler
                0x00000504                USB0_IRQHandler
                0x00000504                WDOG_EWM_IRQHandler
                0x00000504                MemManage_Handler
                0x00000504                Reserved90_IRQHandler
                0x00000504                Reserved83_IRQHandler
                0x00000504                SVC_Handler
                0x00000504                DMA13_IRQHandler
                0x00000504                DMA3_IRQHandler
                0x00000504                Reserved100_IRQHandler
                0x00000504                RNG_IRQHandler
                0x00000504                DMA0_IRQHandler
                0x00000504                Reserved97_IRQHandler
                0x00000504                Reserved91_IRQHandler
                0x00000504                LPUART0_IRQHandler
                0x00000504                DMA15_IRQHandler
                0x00000504                DAC0_IRQHandler
                0x00000504                Reserved81_IRQHandler
                0x00000504                Reserved94_IRQHandler
                0x00000504                DMA4_IRQHandler
                0x00000504                PIT1_IRQHandler
                0x00000504                UART0_ERR_IRQHandler
                0x00000504                DMA_Error_IRQHandler
                0x00000504                LVD_LVW_IRQHandler
                0x00000504                SPI0_IRQHandler
                0x00000504                PORTA_IRQHandler
                0x00000504                DAC1_IRQHandler
                0x00000504                MCM_IRQHandler
                0x00000504                DMA12_IRQHandler
                0x00000504                FTM3_IRQHandler
                0x00000504                PORTE_IRQHandler
                0x00000504                FTM2_IRQHandler
                0x00000504                LPTMR0_IRQHandler
                0x00000504                BusFault_Handler
                0x00000504                DMA8_IRQHandler
                0x00000504                Reserved93_IRQHandler
                0x00000504                DMA10_IRQHandler
                0x00000504                UART1_RX_TX_IRQHandler
                0x00000504                CMP0_IRQHandler
                0x00000504                PORTC_IRQHandler
                0x00000504                DMA6_IRQHandler
                0x00000504                FTF_IRQHandler
                0x00000504                DMA1_IRQHandler
 .text          0x00000508      0x370 c:/freescale/kds_v3/toolchain/bin/../lib/gcc/arm-none-eabi/4.8.4/armv7e-m/fpu\libgcc.a(_arm_addsubdf3.o)
                0x00000508                __aeabi_drsub
                0x00000510                __aeabi_dsub
                0x00000510                __subdf3
                0x00000514                __aeabi_dadd
                0x00000514                __adddf3
                0x0000078c                __floatunsidf
                0x0000078c                __aeabi_ui2d
                0x000007ac                __floatsidf
                0x000007ac                __aeabi_i2d
                0x000007d0                __aeabi_f2d
                0x000007d0                __extendsfdf2
                0x0000080c                __floatundidf
                0x0000080c                __aeabi_ul2d
                0x0000081c                __floatdidf
                0x0000081c                __aeabi_l2d
 .text          0x00000878      0x424 c:/freescale/kds_v3/toolchain/bin/../lib/gcc/arm-none-eabi/4.8.4/armv7e-m/fpu\libgcc.a(_arm_muldivdf3.o)
                0x00000878                __aeabi_dmul
                0x00000878                __muldf3
                0x00000acc                __divdf3
                0x00000acc                __aeabi_ddiv
 .text          0x00000c9c       0xa0 c:/freescale/kds_v3/toolchain/bin/../lib/gcc/arm-none-eabi/4.8.4/armv7e-m/fpu\libgcc.a(_arm_truncdfsf2.o)
                0x00000c9c                __truncdfsf2
                0x00000c9c                __aeabi_d2f
 *(.text*)
 .text.FTM0_IRQHandler
                0x00000d3c       0x50 ./Sources/EPWM.o
                0x00000d3c                FTM0_IRQHandler
 .text.VREF_Init
                0x00000d8c       0x6c ./Sources/VREF.o
                0x00000d8c                VREF_Init
 .text.ADC_calibrate
                0x00000df8      0x1f0 ./Sources/adc.o
                0x00000df8                ADC_calibrate
 .text.ADC_init
                0x00000fe8      0x120 ./Sources/adc.o
                0x00000fe8                ADC_init
 .text.DMA_init
                0x00001108      0x2f0 ./Sources/dma.o
                0x00001108                DMA_init
 .text.main     0x000013f8      0x458 ./Sources/main.o
                0x000013f8                main
 .text.mcu_tracer_config
                0x00001850       0x14 ./Sources/mcu_tracer.o
                0x00001850                mcu_tracer_config
 .text.mcu_tracer_fill
                0x00001864      0x518 ./Sources/mcu_tracer.o
                0x00001864                mcu_tracer_fill
 .text.rec_char
                0x00001d7c       0x64 ./Sources/mcu_tracer.o
                0x00001d7c                rec_char
 .text.rec_checksum
                0x00001de0       0x5c ./Sources/mcu_tracer.o
                0x00001de0                rec_checksum
 .text.mcu_tracer_process
                0x00001e3c      0x120 ./Sources/mcu_tracer.o
                0x00001e3c                mcu_tracer_process
 .text.mcu_tracer_reject_data_check
                0x00001f5c       0x1c ./Sources/mcu_tracer.o
                0x00001f5c                mcu_tracer_reject_data_check
 .text.mcu_tracer_write_serial
                0x00001f78       0x40 ./Sources/mcu_tracer.o
                0x00001f78                mcu_tracer_write_serial
 .text.mcu_tracer_flush_buffer
                0x00001fb8       0x20 ./Sources/mcu_tracer.o
                0x00001fb8                mcu_tracer_flush_buffer
 .text.mcu_tracer_write_string
                0x00001fd8       0x30 ./Sources/mcu_tracer.o
                0x00001fd8                mcu_tracer_write_string
 .text.mcu_tracer_send_checksum
                0x00002008       0x34 ./Sources/mcu_tracer.o
                0x00002008                mcu_tracer_send_checksum
 .text.mcu_tracer_init
                0x0000203c       0xa0 ./Sources/mcu_tracer.o
                0x0000203c                mcu_tracer_init
 .text.mcu_tracer_vals
                0x000020dc       0x98 ./Sources/mcu_tracer.o
                0x000020dc                mcu_tracer_vals
 .text.mcu_tracer_update
                0x00002174      0x168 ./Sources/mcu_tracer.o
                0x00002174                mcu_tracer_update
 .text.mcu_tracer_msg
                0x000022dc       0x28 ./Sources/mcu_tracer.o
                0x000022dc                mcu_tracer_msg
 .text.mcu_tracer_inform
                0x00002304       0x94 ./Sources/mcu_tracer.o
                0x00002304                mcu_tracer_inform
 .text.mcu_tracer_ping
                0x00002398       0x18 ./Sources/mcu_tracer.o
                0x00002398                mcu_tracer_ping
 .text.mcu_tracer_emergency_reply
                0x000023b0       0x1c ./Sources/mcu_tracer.o
                0x000023b0                mcu_tracer_emergency_reply
 .text.mcu_tracer_emergency
                0x000023cc       0x10 ./Sources/mcu_tracer.o
                0x000023cc                mcu_tracer_emergency
 .text.NVIC_EnableIRQ
                0x000023dc       0x30 ./Sources/uart1.o
 .text.UART1_init_defaultparam
                0x0000240c       0x6c ./Sources/uart1.o
                0x0000240c                UART1_init_defaultparam
 .text.UART1_startup
                0x00002478       0xc4 ./Sources/uart1.o
                0x00002478                UART1_startup
 .text.UART1_dma_complete_wait
                0x0000253c       0x48 ./Sources/uart1.o
                0x0000253c                UART1_dma_complete_wait
 .text.UART1_txBulk
                0x00002584       0x8c ./Sources/uart1.o
                0x00002584                UART1_txBulk
 .text.UART1_rec_size
                0x00002610       0x30 ./Sources/uart1.o
                0x00002610                UART1_rec_size
 .text.UART1_rec_buf_reset
                0x00002640       0xc4 ./Sources/uart1.o
                0x00002640                UART1_rec_buf_reset
 .text.UART1_buffercontent
                0x00002704       0x24 ./Sources/uart1.o
                0x00002704                UART1_buffercontent
 .text.UART1_getch
                0x00002728       0x44 ./Sources/uart1.o
                0x00002728                UART1_getch
 .text.UART1_ERR_IRQHandler
                0x0000276c       0x2c ./Sources/uart1.o
                0x0000276c                UART1_ERR_IRQHandler
 .text.SystemInit
                0x00002798      0x20c ./Project_Settings/Startup_Code/system_MK22F51212.o
                0x00002798                SystemInit
 .text.exit     0x000029a4       0x28 c:/freescale/kds_v3/toolchain/bin/../lib/gcc/arm-none-eabi/4.8.4/../../../../arm-none-eabi/lib/armv7e-m/fpu\libg_s.a(lib_a-exit.o)
                0x000029a4                exit
 .text.__libc_init_array
                0x000029cc       0x4c c:/freescale/kds_v3/toolchain/bin/../lib/gcc/arm-none-eabi/4.8.4/../../../../arm-none-eabi/lib/armv7e-m/fpu\libg_s.a(lib_a-init.o)
                0x000029cc                __libc_init_array
 .text.memset   0x00002a18       0x10 c:/freescale/kds_v3/toolchain/bin/../lib/gcc/arm-none-eabi/4.8.4/../../../../arm-none-eabi/lib/armv7e-m/fpu\libg_s.a(lib_a-memset.o)
                0x00002a18                memset
 .text._exit    0x00002a28        0x4 c:/freescale/kds_v3/toolchain/bin/../lib/gcc/arm-none-eabi/4.8.4/../../../../arm-none-eabi/lib/armv7e-m/fpu\libnosys.a(_exit.o)
                0x00002a28                _exit
 *(.rodata)
 .rodata        0x00002a2c       0xa8 ./Sources/EPWM.o
 .rodata        0x00002ad4       0x94 ./Sources/mcu_tracer.o
 *(.rodata*)
 .rodata.str1.1
                0x00002b68        0x2 c:/freescale/kds_v3/toolchain/bin/../lib/gcc/arm-none-eabi/4.8.4/../../../../arm-none-eabi/lib/armv7e-m/fpu\libg_s.a(lib_a-impure.o)
 *fill*         0x00002b6a        0x2 
 .rodata._global_impure_ptr
                0x00002b6c        0x4 c:/freescale/kds_v3/toolchain/bin/../lib/gcc/arm-none-eabi/4.8.4/../../../../arm-none-eabi/lib/armv7e-m/fpu\libg_s.a(lib_a-impure.o)
                0x00002b6c                _global_impure_ptr
 *(.glue_7)
 .glue_7        0x00000000        0x0 linker stubs
 *(.glue_7t)
 .glue_7t       0x00000000        0x0 linker stubs
 *(.eh_frame)
 .eh_frame      0x00002b70        0x0 c:/freescale/kds_v3/toolchain/bin/../lib/gcc/arm-none-eabi/4.8.4/armv7e-m/fpu/crtbegin.o
 *(.init)
 .init          0x00002b70        0x4 c:/freescale/kds_v3/toolchain/bin/../lib/gcc/arm-none-eabi/4.8.4/armv7e-m/fpu/crti.o
                0x00002b70                _init
 .init          0x00002b74        0x8 c:/freescale/kds_v3/toolchain/bin/../lib/gcc/arm-none-eabi/4.8.4/armv7e-m/fpu/crtn.o
 *(.fini)
 .fini          0x00002b7c        0x4 c:/freescale/kds_v3/toolchain/bin/../lib/gcc/arm-none-eabi/4.8.4/armv7e-m/fpu/crti.o
                0x00002b7c                _fini
 .fini          0x00002b80        0x8 c:/freescale/kds_v3/toolchain/bin/../lib/gcc/arm-none-eabi/4.8.4/armv7e-m/fpu/crtn.o
                0x00002b88                . = ALIGN (0x4)

.vfp11_veneer   0x00002b88        0x0
 .vfp11_veneer  0x00000000        0x0 linker stubs

.v4_bx          0x00002b88        0x0
 .v4_bx         0x00000000        0x0 linker stubs

.iplt           0x00002b88        0x0
 .iplt          0x00000000        0x0 c:/freescale/kds_v3/toolchain/bin/../lib/gcc/arm-none-eabi/4.8.4/armv7e-m/fpu/crtbegin.o

.ARM.extab
 *(.ARM.extab* .gnu.linkonce.armextab.*)

.ARM            0x00002b88        0x8
                0x00002b88                __exidx_start = .
 *(.ARM.exidx*)
 .ARM.exidx     0x00002b88        0x8 c:/freescale/kds_v3/toolchain/bin/../lib/gcc/arm-none-eabi/4.8.4/../../../../arm-none-eabi/lib/armv7e-m/fpu/crt0.o
                0x00002b90                __exidx_end = .

.rel.dyn        0x00002b90        0x0
 .rel.iplt      0x00000000        0x0 c:/freescale/kds_v3/toolchain/bin/../lib/gcc/arm-none-eabi/4.8.4/armv7e-m/fpu/crtbegin.o

.ctors          0x00002b90        0x0
                0x00002b90                __CTOR_LIST__ = .
 *crtbegin.o(.ctors)
 *crtbegin?.o(.ctors)
 *(EXCLUDE_FILE(*crtend.o *crtend?.o) .ctors)
 *(SORT(.ctors.*))
 *(.ctors)
                0x00002b90                __CTOR_END__ = .

.dtors          0x00002b90        0x0
                0x00002b90                __DTOR_LIST__ = .
 *crtbegin.o(.dtors)
 *crtbegin?.o(.dtors)
 *(EXCLUDE_FILE(*crtend.o *crtend?.o) .dtors)
 *(SORT(.dtors.*))
 *(.dtors)
                0x00002b90                __DTOR_END__ = .

.preinit_array  0x00002b90        0x0
                0x00002b90                PROVIDE (__preinit_array_start, .)
 *(.preinit_array*)
                0x00002b90                PROVIDE (__preinit_array_end, .)

.init_array     0x00002b90        0x4
                0x00002b90                PROVIDE (__init_array_start, .)
 *(SORT(.init_array.*))
 *(.init_array*)
 .init_array    0x00002b90        0x4 c:/freescale/kds_v3/toolchain/bin/../lib/gcc/arm-none-eabi/4.8.4/armv7e-m/fpu/crtbegin.o
                0x00002b94                PROVIDE (__init_array_end, .)

.fini_array     0x00002b94        0x4
                0x00002b94                PROVIDE (__fini_array_start, .)
 *(SORT(.fini_array.*))
 *(.fini_array*)
 .fini_array    0x00002b94        0x4 c:/freescale/kds_v3/toolchain/bin/../lib/gcc/arm-none-eabi/4.8.4/armv7e-m/fpu/crtbegin.o
                0x00002b98                PROVIDE (__fini_array_end, .)
                0x00002b98                __etext = .
                0x00002b98                __DATA_ROM = .

.data           0x1fff0000       0x6c load address 0x00002b98
                0x1fff0000                . = ALIGN (0x4)
                0x1fff0000                __DATA_RAM = .
                0x1fff0000                __data_start__ = .
 *(.data)
 *(.data*)
 .data.led_lauflicht
                0x1fff0000        0x4 ./Sources/mcu_tracer.o
                0x1fff0000                led_lauflicht
 .data.SystemCoreClock
                0x1fff0004        0x4 ./Project_Settings/Startup_Code/system_MK22F51212.o
                0x1fff0004                SystemCoreClock
 .data.impure_data
                0x1fff0008       0x60 c:/freescale/kds_v3/toolchain/bin/../lib/gcc/arm-none-eabi/4.8.4/../../../../arm-none-eabi/lib/armv7e-m/fpu\libg_s.a(lib_a-impure.o)
 *(.jcr*)
 .jcr           0x1fff0068        0x0 c:/freescale/kds_v3/toolchain/bin/../lib/gcc/arm-none-eabi/4.8.4/armv7e-m/fpu/crtbegin.o
 .jcr           0x1fff0068        0x4 c:/freescale/kds_v3/toolchain/bin/../lib/gcc/arm-none-eabi/4.8.4/armv7e-m/fpu/crtend.o
                0x1fff006c                . = ALIGN (0x4)
                0x1fff006c                __data_end__ = .
                0x00002c04                __DATA_END = (__DATA_ROM + (__data_end__ - __data_start__))

.igot.plt       0x1fff006c        0x0 load address 0x00002c04
 .igot.plt      0x00000000        0x0 c:/freescale/kds_v3/toolchain/bin/../lib/gcc/arm-none-eabi/4.8.4/armv7e-m/fpu/crtbegin.o

.bss            0x1fff006c      0x8d4 load address 0x00002c04
                0x1fff006c                . = ALIGN (0x4)
                0x1fff006c                __START_BSS = .
                0x1fff006c                __bss_start__ = .
 *(.bss)
 .bss           0x1fff006c       0x1c c:/freescale/kds_v3/toolchain/bin/../lib/gcc/arm-none-eabi/4.8.4/armv7e-m/fpu/crtbegin.o
 *(.bss*)
 .bss.duty_cycle
                0x1fff0088        0x1 ./Sources/main.o
                0x1fff0088                duty_cycle
 .bss.mcu_tracer_reject_data
                0x1fff0089        0x1 ./Sources/mcu_tracer.o
                0x1fff0089                mcu_tracer_reject_data
 .bss.sendbuf_pos
                0x1fff008a        0x2 ./Sources/mcu_tracer.o
                0x1fff008a                sendbuf_pos
 *(COMMON)
 COMMON         0x1fff008c       0x1d ./Sources/dma.o
                0x1fff008c                vo
                0x1fff0098                cu
                0x1fff00a0                adc_mux_current
                0x1fff00a4                adc_mux_voltage
 *fill*         0x1fff00a9        0x3 
 COMMON         0x1fff00ac       0x48 ./Sources/main.o
                0x1fff00ac                voltage
                0x1fff00c0                current
                0x1fff00d0                cur
                0x1fff00e0                vol
 COMMON         0x1fff00f4      0x780 ./Sources/mcu_tracer.o
                0x1fff00f4                testfloat_original
                0x1fff00f8                sendbuf
                0x1fff04e0                mainloop_iterations
                0x1fff04e4                debug2
                0x1fff04e8                monitorvars
                0x1fff0858                global_checksum
                0x1fff085c                testfloat_approx
                0x1fff0860                debugbefore
                0x1fff0864                mcu_tracer_checksum
                0x1fff0868                debug1
                0x1fff086c                debug3
                0x1fff0870                testfloat
 COMMON         0x1fff0874       0xcc ./Sources/uart1.o
                0x1fff0874                recpos
                0x1fff0878                recievebuf
                0x1fff0940                . = ALIGN (0x4)
                0x1fff0940                __bss_end__ = .
                0x1fff0940                __END_BSS = .

.heap           0x20000000      0x400
                0x20000000                . = ALIGN (0x8)
                0x20000000                __end__ = .
                0x20000000                PROVIDE (end, .)
                0x20000000                __HeapBase = .
                0x20000400                . = (. + HEAP_SIZE)
 *fill*         0x20000000      0x400 
                0x20000400                __HeapLimit = .

.stack          0x20000400      0x400
                0x20000400                . = ALIGN (0x8)
                0x20000800                . = (. + STACK_SIZE)
 *fill*         0x20000400      0x400 
                0x20010000                __StackTop = (ORIGIN (m_data_2) + 0x10000)
                0x2000fc00                __StackLimit = (__StackTop - STACK_SIZE)
                0x20010000                PROVIDE (__stack, __StackTop)

.ARM.attributes
                0x00000000       0x30
 *(.ARM.attributes)
 .ARM.attributes
                0x00000000       0x22 c:/freescale/kds_v3/toolchain/bin/../lib/gcc/arm-none-eabi/4.8.4/armv7e-m/fpu/crti.o
 .ARM.attributes
                0x00000022       0x34 c:/freescale/kds_v3/toolchain/bin/../lib/gcc/arm-none-eabi/4.8.4/armv7e-m/fpu/crtbegin.o
 .ARM.attributes
                0x00000056       0x20 c:/freescale/kds_v3/toolchain/bin/../lib/gcc/arm-none-eabi/4.8.4/../../../../arm-none-eabi/lib/armv7e-m/fpu/crt0.o
 .ARM.attributes
                0x00000076       0x39 ./Sources/EPWM.o
 .ARM.attributes
                0x000000af       0x39 ./Sources/VREF.o
 .ARM.attributes
                0x000000e8       0x39 ./Sources/adc.o
 .ARM.attributes
                0x00000121       0x39 ./Sources/dma.o
 .ARM.attributes
                0x0000015a       0x39 ./Sources/main.o
 .ARM.attributes
                0x00000193       0x39 ./Sources/mcu_tracer.o
 .ARM.attributes
                0x000001cc       0x39 ./Sources/uart1.o
 .ARM.attributes
                0x00000205       0x1f ./Project_Settings/Startup_Code/startup_MK22F51212.o
 .ARM.attributes
                0x00000224       0x39 ./Project_Settings/Startup_Code/system_MK22F51212.o
 .ARM.attributes
                0x0000025d       0x22 c:/freescale/kds_v3/toolchain/bin/../lib/gcc/arm-none-eabi/4.8.4/armv7e-m/fpu\libgcc.a(_arm_addsubdf3.o)
 .ARM.attributes
                0x0000027f       0x22 c:/freescale/kds_v3/toolchain/bin/../lib/gcc/arm-none-eabi/4.8.4/armv7e-m/fpu\libgcc.a(_arm_muldivdf3.o)
 .ARM.attributes
                0x000002a1       0x22 c:/freescale/kds_v3/toolchain/bin/../lib/gcc/arm-none-eabi/4.8.4/armv7e-m/fpu\libgcc.a(_arm_truncdfsf2.o)
 .ARM.attributes
                0x000002c3       0x34 c:/freescale/kds_v3/toolchain/bin/../lib/gcc/arm-none-eabi/4.8.4/../../../../arm-none-eabi/lib/armv7e-m/fpu\libg_s.a(lib_a-exit.o)
 .ARM.attributes
                0x000002f7       0x34 c:/freescale/kds_v3/toolchain/bin/../lib/gcc/arm-none-eabi/4.8.4/../../../../arm-none-eabi/lib/armv7e-m/fpu\libg_s.a(lib_a-impure.o)
 .ARM.attributes
                0x0000032b       0x34 c:/freescale/kds_v3/toolchain/bin/../lib/gcc/arm-none-eabi/4.8.4/../../../../arm-none-eabi/lib/armv7e-m/fpu\libg_s.a(lib_a-init.o)
 .ARM.attributes
                0x0000035f       0x34 c:/freescale/kds_v3/toolchain/bin/../lib/gcc/arm-none-eabi/4.8.4/../../../../arm-none-eabi/lib/armv7e-m/fpu\libg_s.a(lib_a-memset.o)
 .ARM.attributes
                0x00000393       0x34 c:/freescale/kds_v3/toolchain/bin/../lib/gcc/arm-none-eabi/4.8.4/../../../../arm-none-eabi/lib/armv7e-m/fpu\libnosys.a(_exit.o)
 .ARM.attributes
                0x000003c7       0x34 c:/freescale/kds_v3/toolchain/bin/../lib/gcc/arm-none-eabi/4.8.4/armv7e-m/fpu/crtend.o
 .ARM.attributes
                0x000003fb       0x22 c:/freescale/kds_v3/toolchain/bin/../lib/gcc/arm-none-eabi/4.8.4/armv7e-m/fpu/crtn.o
                0x00000001                ASSERT ((__StackLimit >= __HeapLimit), region m_data_2 overflowed with stack and heap)
OUTPUT(Gesamt_Projekt.elf elf32-littlearm)

.debug_info     0x00000000     0x3da9
 .debug_info    0x00000000      0xa57 ./Sources/EPWM.o
 .debug_info    0x00000a57      0x2bc ./Sources/VREF.o
 .debug_info    0x00000d13      0x531 ./Sources/adc.o
 .debug_info    0x00001244      0x867 ./Sources/dma.o
 .debug_info    0x00001aab      0x1e0 ./Sources/main.o
 .debug_info    0x00001c8b      0x661 ./Sources/mcu_tracer.o
 .debug_info    0x000022ec      0xf02 ./Sources/uart1.o
 .debug_info    0x000031ee       0x9b ./Project_Settings/Startup_Code/startup_MK22F51212.o
 .debug_info    0x00003289      0xb20 ./Project_Settings/Startup_Code/system_MK22F51212.o

.debug_abbrev   0x00000000      0xbc6
 .debug_abbrev  0x00000000      0x1c4 ./Sources/EPWM.o
 .debug_abbrev  0x000001c4       0xe0 ./Sources/VREF.o
 .debug_abbrev  0x000002a4      0x11a ./Sources/adc.o
 .debug_abbrev  0x000003be      0x158 ./Sources/dma.o
 .debug_abbrev  0x00000516       0x9e ./Sources/main.o
 .debug_abbrev  0x000005b4      0x234 ./Sources/mcu_tracer.o
 .debug_abbrev  0x000007e8      0x289 ./Sources/uart1.o
 .debug_abbrev  0x00000a71       0x14 ./Project_Settings/Startup_Code/startup_MK22F51212.o
 .debug_abbrev  0x00000a85      0x141 ./Project_Settings/Startup_Code/system_MK22F51212.o

.debug_aranges  0x00000000      0x290
 .debug_aranges
                0x00000000       0x88 ./Sources/EPWM.o
 .debug_aranges
                0x00000088       0x20 ./Sources/VREF.o
 .debug_aranges
                0x000000a8       0x30 ./Sources/adc.o
 .debug_aranges
                0x000000d8       0x20 ./Sources/dma.o
 .debug_aranges
                0x000000f8       0x20 ./Sources/main.o
 .debug_aranges
                0x00000118       0xa8 ./Sources/mcu_tracer.o
 .debug_aranges
                0x000001c0       0x88 ./Sources/uart1.o
 .debug_aranges
                0x00000248       0x20 ./Project_Settings/Startup_Code/startup_MK22F51212.o
 .debug_aranges
                0x00000268       0x28 ./Project_Settings/Startup_Code/system_MK22F51212.o

.debug_ranges   0x00000000      0x208
 .debug_ranges  0x00000000       0x78 ./Sources/EPWM.o
 .debug_ranges  0x00000078       0x10 ./Sources/VREF.o
 .debug_ranges  0x00000088       0x20 ./Sources/adc.o
 .debug_ranges  0x000000a8       0x10 ./Sources/dma.o
 .debug_ranges  0x000000b8       0x10 ./Sources/main.o
 .debug_ranges  0x000000c8       0xb0 ./Sources/mcu_tracer.o
 .debug_ranges  0x00000178       0x78 ./Sources/uart1.o
 .debug_ranges  0x000001f0       0x18 ./Project_Settings/Startup_Code/system_MK22F51212.o

.debug_macro    0x00000000    0x11e73
 .debug_macro   0x00000000       0x96 ./Sources/EPWM.o
 .debug_macro   0x00000096      0x850 ./Sources/EPWM.o
 .debug_macro   0x000008e6       0x16 ./Sources/EPWM.o
 .debug_macro   0x000008fc       0x16 ./Sources/EPWM.o
 .debug_macro   0x00000912       0x44 ./Sources/EPWM.o
 .debug_macro   0x00000956      0x209 ./Sources/EPWM.o
 .debug_macro   0x00000b5f       0x55 ./Sources/EPWM.o
 .debug_macro   0x00000bb4       0x3b ./Sources/EPWM.o
 .debug_macro   0x00000bef       0x34 ./Sources/EPWM.o
 .debug_macro   0x00000c23       0x26 ./Sources/EPWM.o
 .debug_macro   0x00000c49      0xd1d ./Sources/EPWM.o
 .debug_macro   0x00001966       0xda ./Sources/EPWM.o
 .debug_macro   0x00001a40     0xefee ./Sources/EPWM.o
 .debug_macro   0x00010a2e       0x22 ./Sources/EPWM.o
 .debug_macro   0x00010a50       0x97 ./Sources/VREF.o
 .debug_macro   0x00010ae7       0xa5 ./Sources/adc.o
 .debug_macro   0x00010b8c       0x9c ./Sources/dma.o
 .debug_macro   0x00010c28       0x10 ./Sources/dma.o
 .debug_macro   0x00010c38       0xcb ./Sources/main.o
 .debug_macro   0x00010d03      0x103 ./Sources/mcu_tracer.o
 .debug_macro   0x00010e06       0x58 ./Sources/mcu_tracer.o
 .debug_macro   0x00010e5e       0x35 ./Sources/mcu_tracer.o
 .debug_macro   0x00010e93       0xa3 ./Sources/mcu_tracer.o
 .debug_macro   0x00010f36      0x166 ./Sources/mcu_tracer.o
 .debug_macro   0x0001109c       0x52 ./Sources/mcu_tracer.o
 .debug_macro   0x000110ee       0x16 ./Sources/mcu_tracer.o
 .debug_macro   0x00011104       0x43 ./Sources/mcu_tracer.o
 .debug_macro   0x00011147      0x180 ./Sources/mcu_tracer.o
 .debug_macro   0x000112c7      0x2a6 ./Sources/mcu_tracer.o
 .debug_macro   0x0001156d       0x10 ./Sources/mcu_tracer.o
 .debug_macro   0x0001157d       0x35 ./Sources/mcu_tracer.o
 .debug_macro   0x000115b2      0x17e ./Sources/uart1.o
 .debug_macro   0x00011730       0x16 ./Sources/uart1.o
 .debug_macro   0x00011746       0x97 ./Sources/uart1.o
 .debug_macro   0x000117dd       0x10 ./Sources/uart1.o
 .debug_macro   0x000117ed       0xef ./Sources/uart1.o
 .debug_macro   0x000118dc       0x4a ./Sources/uart1.o
 .debug_macro   0x00011926       0x10 ./Sources/uart1.o
 .debug_macro   0x00011936       0x22 ./Sources/uart1.o
 .debug_macro   0x00011958       0xbd ./Sources/uart1.o
 .debug_macro   0x00011a15       0x16 ./Sources/uart1.o
 .debug_macro   0x00011a2b      0x14a ./Sources/uart1.o
 .debug_macro   0x00011b75      0x20f ./Sources/uart1.o
 .debug_macro   0x00011d84       0x88 ./Project_Settings/Startup_Code/system_MK22F51212.o
 .debug_macro   0x00011e0c       0x67 ./Project_Settings/Startup_Code/system_MK22F51212.o

.debug_line     0x00000000     0x185e
 .debug_line    0x00000000      0x344 ./Sources/EPWM.o
 .debug_line    0x00000344      0x1f1 ./Sources/VREF.o
 .debug_line    0x00000535      0x270 ./Sources/adc.o
 .debug_line    0x000007a5      0x227 ./Sources/dma.o
 .debug_line    0x000009cc      0x28b ./Sources/main.o
 .debug_line    0x00000c57      0x4e4 ./Sources/mcu_tracer.o
 .debug_line    0x0000113b      0x3f7 ./Sources/uart1.o
 .debug_line    0x00001532       0x7b ./Project_Settings/Startup_Code/startup_MK22F51212.o
 .debug_line    0x000015ad      0x2b1 ./Project_Settings/Startup_Code/system_MK22F51212.o

.debug_str      0x00000000    0x62b63
 .debug_str     0x00000000    0x5f2c9 ./Sources/EPWM.o
                              0x5f478 (size before relaxing)
 .debug_str     0x0005f2c9       0x38 ./Sources/VREF.o
                              0x5ed03 (size before relaxing)
 .debug_str     0x0005f301       0xa4 ./Sources/adc.o
                              0x5edbe (size before relaxing)
 .debug_str     0x0005f3a5      0x207 ./Sources/dma.o
                              0x5ef3f (size before relaxing)
 .debug_str     0x0005f5ac       0x4e ./Sources/main.o
                              0x5ed74 (size before relaxing)
 .debug_str     0x0005f5fa     0x2784 ./Sources/mcu_tracer.o
                               0x5826 (size before relaxing)
 .debug_str     0x00061d7e      0xc3f ./Sources/uart1.o
                              0x616b0 (size before relaxing)
 .debug_str     0x000629bd      0x1a6 ./Project_Settings/Startup_Code/system_MK22F51212.o
                              0x5f39f (size before relaxing)

.comment        0x00000000       0x70
 .comment       0x00000000       0x70 ./Sources/EPWM.o
                                 0x71 (size before relaxing)
 .comment       0x00000000       0x71 ./Sources/VREF.o
 .comment       0x00000000       0x71 ./Sources/adc.o
 .comment       0x00000000       0x71 ./Sources/dma.o
 .comment       0x00000000       0x71 ./Sources/main.o
 .comment       0x00000000       0x71 ./Sources/mcu_tracer.o
 .comment       0x00000000       0x71 ./Sources/uart1.o
 .comment       0x00000000       0x71 ./Project_Settings/Startup_Code/system_MK22F51212.o

.debug_frame    0x00000000      0x700
 .debug_frame   0x00000000      0x190 ./Sources/EPWM.o
 .debug_frame   0x00000190       0x28 ./Sources/VREF.o
 .debug_frame   0x000001b8       0x64 ./Sources/adc.o
 .debug_frame   0x0000021c       0x28 ./Sources/dma.o
 .debug_frame   0x00000244       0x2c ./Sources/main.o
 .debug_frame   0x00000270      0x230 ./Sources/mcu_tracer.o
 .debug_frame   0x000004a0      0x188 ./Sources/uart1.o
 .debug_frame   0x00000628       0x44 ./Project_Settings/Startup_Code/system_MK22F51212.o
 .debug_frame   0x0000066c       0x28 c:/freescale/kds_v3/toolchain/bin/../lib/gcc/arm-none-eabi/4.8.4/../../../../arm-none-eabi/lib/armv7e-m/fpu\libg_s.a(lib_a-exit.o)
 .debug_frame   0x00000694       0x2c c:/freescale/kds_v3/toolchain/bin/../lib/gcc/arm-none-eabi/4.8.4/../../../../arm-none-eabi/lib/armv7e-m/fpu\libg_s.a(lib_a-init.o)
 .debug_frame   0x000006c0       0x20 c:/freescale/kds_v3/toolchain/bin/../lib/gcc/arm-none-eabi/4.8.4/../../../../arm-none-eabi/lib/armv7e-m/fpu\libg_s.a(lib_a-memset.o)
 .debug_frame   0x000006e0       0x20 c:/freescale/kds_v3/toolchain/bin/../lib/gcc/arm-none-eabi/4.8.4/../../../../arm-none-eabi/lib/armv7e-m/fpu\libnosys.a(_exit.o)
