Archive member included because of file (symbol)

c:/freescale/kds_v3/toolchain/bin/../lib/gcc/arm-none-eabi/4.8.4/armv7e-m/fpu\libgcc.a(_arm_addsubdf3.o)
                              ./Sources/main.o (__aeabi_i2d)
c:/freescale/kds_v3/toolchain/bin/../lib/gcc/arm-none-eabi/4.8.4/armv7e-m/fpu\libgcc.a(_arm_muldivdf3.o)
                              ./Sources/main.o (__aeabi_dmul)
c:/freescale/kds_v3/toolchain/bin/../lib/gcc/arm-none-eabi/4.8.4/armv7e-m/fpu\libgcc.a(_arm_truncdfsf2.o)
                              ./Sources/main.o (__aeabi_d2f)
c:/freescale/kds_v3/toolchain/bin/../lib/gcc/arm-none-eabi/4.8.4/../../../../arm-none-eabi/lib/armv7e-m/fpu\libg_s.a(lib_a-exit.o)
                              c:/freescale/kds_v3/toolchain/bin/../lib/gcc/arm-none-eabi/4.8.4/../../../../arm-none-eabi/lib/armv7e-m/fpu/crt0.o (exit)
c:/freescale/kds_v3/toolchain/bin/../lib/gcc/arm-none-eabi/4.8.4/../../../../arm-none-eabi/lib/armv7e-m/fpu\libg_s.a(lib_a-impure.o)
                              c:/freescale/kds_v3/toolchain/bin/../lib/gcc/arm-none-eabi/4.8.4/../../../../arm-none-eabi/lib/armv7e-m/fpu\libg_s.a(lib_a-exit.o) (_global_impure_ptr)
c:/freescale/kds_v3/toolchain/bin/../lib/gcc/arm-none-eabi/4.8.4/../../../../arm-none-eabi/lib/armv7e-m/fpu\libg_s.a(lib_a-init.o)
                              c:/freescale/kds_v3/toolchain/bin/../lib/gcc/arm-none-eabi/4.8.4/../../../../arm-none-eabi/lib/armv7e-m/fpu/crt0.o (__libc_init_array)
c:/freescale/kds_v3/toolchain/bin/../lib/gcc/arm-none-eabi/4.8.4/../../../../arm-none-eabi/lib/armv7e-m/fpu\libg_s.a(lib_a-memset.o)
                              c:/freescale/kds_v3/toolchain/bin/../lib/gcc/arm-none-eabi/4.8.4/../../../../arm-none-eabi/lib/armv7e-m/fpu/crt0.o (memset)
c:/freescale/kds_v3/toolchain/bin/../lib/gcc/arm-none-eabi/4.8.4/../../../../arm-none-eabi/lib/armv7e-m/fpu\libnosys.a(_exit.o)
                              c:/freescale/kds_v3/toolchain/bin/../lib/gcc/arm-none-eabi/4.8.4/../../../../arm-none-eabi/lib/armv7e-m/fpu\libg_s.a(lib_a-exit.o) (_exit)

Allocating common symbols
Common symbol       size              file

vo                  0xa               ./Sources/dma.o
testfloat_original  0x4               ./Sources/mcu_tracer.o
sendbuf             0x3e8             ./Sources/mcu_tracer.o
mainloop_iterations
                    0x4               ./Sources/mcu_tracer.o
debug2              0x4               ./Sources/mcu_tracer.o
monitorvars         0x370             ./Sources/mcu_tracer.o
recpos              0x2               ./Sources/uart1.o
voltage             0x14              ./Sources/main.o
global_checksum     0x4               ./Sources/mcu_tracer.o
testfloat_approx    0x4               ./Sources/mcu_tracer.o
current             0x10              ./Sources/main.o
debugbefore         0x4               ./Sources/mcu_tracer.o
mcu_tracer_checksum
                    0x1               ./Sources/mcu_tracer.o
cu                  0x8               ./Sources/dma.o
cur                 0x10              ./Sources/main.o
recievebuf          0xc8              ./Sources/uart1.o
debug1              0x4               ./Sources/mcu_tracer.o
vol                 0x14              ./Sources/main.o
adc_mux_current     0x4               ./Sources/dma.o
adc_mux_voltage     0x5               ./Sources/dma.o
debug3              0x4               ./Sources/mcu_tracer.o
testfloat           0x4               ./Sources/mcu_tracer.o

Discarded input sections

 .text          0x00000000        0x0 c:/freescale/kds_v3/toolchain/bin/../lib/gcc/arm-none-eabi/4.8.4/armv7e-m/fpu/crti.o
 .data          0x00000000        0x0 c:/freescale/kds_v3/toolchain/bin/../lib/gcc/arm-none-eabi/4.8.4/armv7e-m/fpu/crti.o
 .bss           0x00000000        0x0 c:/freescale/kds_v3/toolchain/bin/../lib/gcc/arm-none-eabi/4.8.4/armv7e-m/fpu/crti.o
 .data          0x00000000        0x4 c:/freescale/kds_v3/toolchain/bin/../lib/gcc/arm-none-eabi/4.8.4/armv7e-m/fpu/crtbegin.o
 .data          0x00000000        0x0 c:/freescale/kds_v3/toolchain/bin/../lib/gcc/arm-none-eabi/4.8.4/../../../../arm-none-eabi/lib/armv7e-m/fpu/crt0.o
 .bss           0x00000000        0x0 c:/freescale/kds_v3/toolchain/bin/../lib/gcc/arm-none-eabi/4.8.4/../../../../arm-none-eabi/lib/armv7e-m/fpu/crt0.o
 .ARM.extab     0x00000000        0x0 c:/freescale/kds_v3/toolchain/bin/../lib/gcc/arm-none-eabi/4.8.4/../../../../arm-none-eabi/lib/armv7e-m/fpu/crt0.o
 .group         0x00000000        0x8 ./Sources/EPWM.o
 .group         0x00000000        0x8 ./Sources/EPWM.o
 .group         0x00000000        0x8 ./Sources/EPWM.o
 .group         0x00000000        0x8 ./Sources/EPWM.o
 .group         0x00000000        0x8 ./Sources/EPWM.o
 .group         0x00000000        0x8 ./Sources/EPWM.o
 .group         0x00000000        0x8 ./Sources/EPWM.o
 .group         0x00000000        0x8 ./Sources/EPWM.o
 .group         0x00000000        0x8 ./Sources/EPWM.o
 .group         0x00000000        0x8 ./Sources/EPWM.o
 .group         0x00000000        0x8 ./Sources/EPWM.o
 .group         0x00000000        0x8 ./Sources/EPWM.o
 .text          0x00000000        0x0 ./Sources/EPWM.o
 .data          0x00000000        0x0 ./Sources/EPWM.o
 .bss           0x00000000        0x0 ./Sources/EPWM.o
 .text.PWM_set_dutycycle
                0x00000000       0xec ./Sources/EPWM.o
 .text.PWM_set_dutycycle1
                0x00000000       0x5c ./Sources/EPWM.o
 .text.PWM_set_dutycycle2
                0x00000000       0x5c ./Sources/EPWM.o
 .text.PWM_set_dutycycle3
                0x00000000       0x5c ./Sources/EPWM.o
 .text.PWM_set_dutycycle4
                0x00000000       0x5c ./Sources/EPWM.o
 .text.PWM_deadtime_enable
                0x00000000       0x1c ./Sources/EPWM.o
 .text.PWM_set_deadtime
                0x00000000       0x2c ./Sources/EPWM.o
 .text.PWM_set_frequency
                0x00000000       0x24 ./Sources/EPWM.o
 .text.PWM_init
                0x00000000      0x114 ./Sources/EPWM.o
 .debug_info    0x00000000      0x5c3 ./Sources/EPWM.o
 .debug_abbrev  0x00000000      0x121 ./Sources/EPWM.o
 .debug_aranges
                0x00000000       0x60 ./Sources/EPWM.o
 .debug_ranges  0x00000000       0x50 ./Sources/EPWM.o
 .debug_macro   0x00000000       0x8d ./Sources/EPWM.o
 .debug_macro   0x00000000      0x850 ./Sources/EPWM.o
 .debug_macro   0x00000000       0x16 ./Sources/EPWM.o
 .debug_macro   0x00000000       0x16 ./Sources/EPWM.o
 .debug_macro   0x00000000       0x44 ./Sources/EPWM.o
 .debug_macro   0x00000000      0x209 ./Sources/EPWM.o
 .debug_macro   0x00000000       0x55 ./Sources/EPWM.o
 .debug_macro   0x00000000       0x3b ./Sources/EPWM.o
 .debug_macro   0x00000000       0x34 ./Sources/EPWM.o
 .debug_macro   0x00000000       0x26 ./Sources/EPWM.o
 .debug_macro   0x00000000      0xd1d ./Sources/EPWM.o
 .debug_macro   0x00000000       0xda ./Sources/EPWM.o
 .debug_macro   0x00000000     0xefee ./Sources/EPWM.o
 .debug_line    0x00000000      0x298 ./Sources/EPWM.o
 .debug_str     0x00000000    0x5ee3e ./Sources/EPWM.o
 .comment       0x00000000       0x71 ./Sources/EPWM.o
 .ARM.attributes
                0x00000000       0x39 ./Sources/EPWM.o
 .debug_frame   0x00000000      0x104 ./Sources/EPWM.o
 .group         0x00000000        0x8 ./Sources/VREF.o
 .group         0x00000000        0x8 ./Sources/VREF.o
 .group         0x00000000        0x8 ./Sources/VREF.o
 .group         0x00000000        0x8 ./Sources/VREF.o
 .group         0x00000000        0x8 ./Sources/VREF.o
 .group         0x00000000        0x8 ./Sources/VREF.o
 .group         0x00000000        0x8 ./Sources/VREF.o
 .group         0x00000000        0x8 ./Sources/VREF.o
 .group         0x00000000        0x8 ./Sources/VREF.o
 .group         0x00000000        0x8 ./Sources/VREF.o
 .group         0x00000000        0x8 ./Sources/VREF.o
 .group         0x00000000        0x8 ./Sources/VREF.o
 .text          0x00000000        0x0 ./Sources/VREF.o
 .data          0x00000000        0x0 ./Sources/VREF.o
 .bss           0x00000000        0x0 ./Sources/VREF.o
 .debug_macro   0x00000000      0x850 ./Sources/VREF.o
 .debug_macro   0x00000000       0x16 ./Sources/VREF.o
 .debug_macro   0x00000000       0x16 ./Sources/VREF.o
 .debug_macro   0x00000000       0x44 ./Sources/VREF.o
 .debug_macro   0x00000000      0x209 ./Sources/VREF.o
 .debug_macro   0x00000000       0x55 ./Sources/VREF.o
 .debug_macro   0x00000000       0x3b ./Sources/VREF.o
 .debug_macro   0x00000000       0x34 ./Sources/VREF.o
 .debug_macro   0x00000000       0x26 ./Sources/VREF.o
 .debug_macro   0x00000000      0xd1d ./Sources/VREF.o
 .debug_macro   0x00000000       0xda ./Sources/VREF.o
 .debug_macro   0x00000000     0xefee ./Sources/VREF.o
 .group         0x00000000        0x8 ./Sources/adc.o
 .group         0x00000000        0x8 ./Sources/adc.o
 .group         0x00000000        0x8 ./Sources/adc.o
 .group         0x00000000        0x8 ./Sources/adc.o
 .group         0x00000000        0x8 ./Sources/adc.o
 .group         0x00000000        0x8 ./Sources/adc.o
 .group         0x00000000        0x8 ./Sources/adc.o
 .group         0x00000000        0x8 ./Sources/adc.o
 .group         0x00000000        0x8 ./Sources/adc.o
 .group         0x00000000        0x8 ./Sources/adc.o
 .group         0x00000000        0x8 ./Sources/adc.o
 .group         0x00000000        0x8 ./Sources/adc.o
 .text          0x00000000        0x0 ./Sources/adc.o
 .data          0x00000000        0x0 ./Sources/adc.o
 .bss           0x00000000        0x0 ./Sources/adc.o
 .text.ADC_read
                0x00000000       0x48 ./Sources/adc.o
 .debug_macro   0x00000000      0x850 ./Sources/adc.o
 .debug_macro   0x00000000       0x16 ./Sources/adc.o
 .debug_macro   0x00000000       0x16 ./Sources/adc.o
 .debug_macro   0x00000000       0x44 ./Sources/adc.o
 .debug_macro   0x00000000      0x209 ./Sources/adc.o
 .debug_macro   0x00000000       0x55 ./Sources/adc.o
 .debug_macro   0x00000000       0x3b ./Sources/adc.o
 .debug_macro   0x00000000       0x34 ./Sources/adc.o
 .debug_macro   0x00000000       0x26 ./Sources/adc.o
 .debug_macro   0x00000000      0xd1d ./Sources/adc.o
 .debug_macro   0x00000000       0xda ./Sources/adc.o
 .debug_macro   0x00000000     0xefee ./Sources/adc.o
 .group         0x00000000        0x8 ./Sources/dma.o
 .group         0x00000000        0x8 ./Sources/dma.o
 .group         0x00000000        0x8 ./Sources/dma.o
 .group         0x00000000        0x8 ./Sources/dma.o
 .group         0x00000000        0x8 ./Sources/dma.o
 .group         0x00000000        0x8 ./Sources/dma.o
 .group         0x00000000        0x8 ./Sources/dma.o
 .group         0x00000000        0x8 ./Sources/dma.o
 .group         0x00000000        0x8 ./Sources/dma.o
 .group         0x00000000        0x8 ./Sources/dma.o
 .group         0x00000000        0x8 ./Sources/dma.o
 .group         0x00000000        0x8 ./Sources/dma.o
 .group         0x00000000        0x8 ./Sources/dma.o
 .text          0x00000000        0x0 ./Sources/dma.o
 .data          0x00000000        0x0 ./Sources/dma.o
 .bss           0x00000000        0x0 ./Sources/dma.o
 .debug_macro   0x00000000      0x850 ./Sources/dma.o
 .debug_macro   0x00000000       0x16 ./Sources/dma.o
 .debug_macro   0x00000000       0x16 ./Sources/dma.o
 .debug_macro   0x00000000       0x44 ./Sources/dma.o
 .debug_macro   0x00000000      0x209 ./Sources/dma.o
 .debug_macro   0x00000000       0x55 ./Sources/dma.o
 .debug_macro   0x00000000       0x3b ./Sources/dma.o
 .debug_macro   0x00000000       0x34 ./Sources/dma.o
 .debug_macro   0x00000000       0x26 ./Sources/dma.o
 .debug_macro   0x00000000      0xd1d ./Sources/dma.o
 .debug_macro   0x00000000       0xda ./Sources/dma.o
 .debug_macro   0x00000000     0xefee ./Sources/dma.o
 .group         0x00000000        0x8 ./Sources/main.o
 .group         0x00000000        0x8 ./Sources/main.o
 .group         0x00000000        0x8 ./Sources/main.o
 .group         0x00000000        0x8 ./Sources/main.o
 .group         0x00000000        0x8 ./Sources/main.o
 .group         0x00000000        0x8 ./Sources/main.o
 .group         0x00000000        0x8 ./Sources/main.o
 .group         0x00000000        0x8 ./Sources/main.o
 .group         0x00000000        0x8 ./Sources/main.o
 .group         0x00000000        0x8 ./Sources/main.o
 .group         0x00000000        0x8 ./Sources/main.o
 .group         0x00000000        0x8 ./Sources/main.o
 .group         0x00000000        0x8 ./Sources/main.o
 .group         0x00000000        0x8 ./Sources/main.o
 .text          0x00000000        0x0 ./Sources/main.o
 .data          0x00000000        0x0 ./Sources/main.o
 .bss           0x00000000        0x0 ./Sources/main.o
 .debug_macro   0x00000000      0x850 ./Sources/main.o
 .debug_macro   0x00000000       0x16 ./Sources/main.o
 .debug_macro   0x00000000       0x16 ./Sources/main.o
 .debug_macro   0x00000000       0x44 ./Sources/main.o
 .debug_macro   0x00000000      0x209 ./Sources/main.o
 .debug_macro   0x00000000       0x55 ./Sources/main.o
 .debug_macro   0x00000000       0x3b ./Sources/main.o
 .debug_macro   0x00000000       0x34 ./Sources/main.o
 .debug_macro   0x00000000       0x26 ./Sources/main.o
 .debug_macro   0x00000000      0xd1d ./Sources/main.o
 .debug_macro   0x00000000       0xda ./Sources/main.o
 .debug_macro   0x00000000     0xefee ./Sources/main.o
 .debug_macro   0x00000000       0x10 ./Sources/main.o
 .group         0x00000000        0x8 ./Sources/mcu_tracer.o
 .group         0x00000000        0x8 ./Sources/mcu_tracer.o
 .group         0x00000000        0x8 ./Sources/mcu_tracer.o
 .group         0x00000000        0x8 ./Sources/mcu_tracer.o
 .group         0x00000000        0x8 ./Sources/mcu_tracer.o
 .group         0x00000000        0x8 ./Sources/mcu_tracer.o
 .group         0x00000000        0x8 ./Sources/mcu_tracer.o
 .group         0x00000000        0x8 ./Sources/mcu_tracer.o
 .group         0x00000000        0x8 ./Sources/mcu_tracer.o
 .group         0x00000000        0x8 ./Sources/mcu_tracer.o
 .group         0x00000000        0x8 ./Sources/mcu_tracer.o
 .group         0x00000000        0x8 ./Sources/mcu_tracer.o
 .group         0x00000000        0x8 ./Sources/mcu_tracer.o
 .group         0x00000000        0x8 ./Sources/mcu_tracer.o
 .group         0x00000000        0x8 ./Sources/mcu_tracer.o
 .group         0x00000000        0x8 ./Sources/mcu_tracer.o
 .text          0x00000000        0x0 ./Sources/mcu_tracer.o
 .data          0x00000000        0x0 ./Sources/mcu_tracer.o
 .bss           0x00000000        0x0 ./Sources/mcu_tracer.o
 .debug_macro   0x00000000      0x850 ./Sources/mcu_tracer.o
 .debug_macro   0x00000000       0x16 ./Sources/mcu_tracer.o
 .debug_macro   0x00000000       0x44 ./Sources/mcu_tracer.o
 .debug_macro   0x00000000      0x209 ./Sources/mcu_tracer.o
 .debug_macro   0x00000000       0x22 ./Sources/mcu_tracer.o
 .group         0x00000000        0x8 ./Sources/uart1.o
 .group         0x00000000        0x8 ./Sources/uart1.o
 .group         0x00000000        0x8 ./Sources/uart1.o
 .group         0x00000000        0x8 ./Sources/uart1.o
 .group         0x00000000        0x8 ./Sources/uart1.o
 .group         0x00000000        0x8 ./Sources/uart1.o
 .group         0x00000000        0x8 ./Sources/uart1.o
 .group         0x00000000        0x8 ./Sources/uart1.o
 .group         0x00000000        0x8 ./Sources/uart1.o
 .group         0x00000000        0x8 ./Sources/uart1.o
 .group         0x00000000        0x8 ./Sources/uart1.o
 .group         0x00000000        0x8 ./Sources/uart1.o
 .group         0x00000000        0x8 ./Sources/uart1.o
 .group         0x00000000        0x8 ./Sources/uart1.o
 .group         0x00000000        0x8 ./Sources/uart1.o
 .group         0x00000000        0x8 ./Sources/uart1.o
 .group         0x00000000        0x8 ./Sources/uart1.o
 .group         0x00000000        0x8 ./Sources/uart1.o
 .group         0x00000000        0x8 ./Sources/uart1.o
 .group         0x00000000        0x8 ./Sources/uart1.o
 .group         0x00000000        0x8 ./Sources/uart1.o
 .group         0x00000000        0x8 ./Sources/uart1.o
 .group         0x00000000        0x8 ./Sources/uart1.o
 .group         0x00000000        0x8 ./Sources/uart1.o
 .group         0x00000000        0x8 ./Sources/uart1.o
 .group         0x00000000        0x8 ./Sources/uart1.o
 .group         0x00000000        0x8 ./Sources/uart1.o
 .group         0x00000000        0x8 ./Sources/uart1.o
 .group         0x00000000        0x8 ./Sources/uart1.o
 .text          0x00000000        0x0 ./Sources/uart1.o
 .data          0x00000000        0x0 ./Sources/uart1.o
 .bss           0x00000000        0x0 ./Sources/uart1.o
 .text.UART1_txChar
                0x00000000       0x30 ./Sources/uart1.o
 .bss.dummyzero
                0x00000000        0x1 ./Sources/uart1.o
 .text.UART1_dmaconfig
                0x00000000       0xd0 ./Sources/uart1.o
 .text.UART1_dma_complete
                0x00000000       0x24 ./Sources/uart1.o
 .text.UART1_dma_config_rec
                0x00000000       0xc4 ./Sources/uart1.o
 .debug_macro   0x00000000      0x850 ./Sources/uart1.o
 .debug_macro   0x00000000       0x58 ./Sources/uart1.o
 .debug_macro   0x00000000       0x16 ./Sources/uart1.o
 .debug_macro   0x00000000       0x35 ./Sources/uart1.o
 .debug_macro   0x00000000       0xa3 ./Sources/uart1.o
 .debug_macro   0x00000000       0x52 ./Sources/uart1.o
 .debug_macro   0x00000000       0x16 ./Sources/uart1.o
 .debug_macro   0x00000000       0x43 ./Sources/uart1.o
 .debug_macro   0x00000000      0x180 ./Sources/uart1.o
 .debug_macro   0x00000000       0x16 ./Sources/uart1.o
 .debug_macro   0x00000000       0x55 ./Sources/uart1.o
 .debug_macro   0x00000000       0x3b ./Sources/uart1.o
 .debug_macro   0x00000000       0x34 ./Sources/uart1.o
 .debug_macro   0x00000000       0x26 ./Sources/uart1.o
 .debug_macro   0x00000000      0xd1d ./Sources/uart1.o
 .debug_macro   0x00000000       0xda ./Sources/uart1.o
 .debug_macro   0x00000000     0xefee ./Sources/uart1.o
 .debug_macro   0x00000000       0x22 ./Sources/uart1.o
 .data          0x00000000        0x0 ./Project_Settings/Startup_Code/startup_MK22F51212.o
 .bss           0x00000000        0x0 ./Project_Settings/Startup_Code/startup_MK22F51212.o
 .group         0x00000000        0x8 ./Project_Settings/Startup_Code/system_MK22F51212.o
 .group         0x00000000        0x8 ./Project_Settings/Startup_Code/system_MK22F51212.o
 .group         0x00000000        0x8 ./Project_Settings/Startup_Code/system_MK22F51212.o
 .group         0x00000000        0x8 ./Project_Settings/Startup_Code/system_MK22F51212.o
 .group         0x00000000        0x8 ./Project_Settings/Startup_Code/system_MK22F51212.o
 .group         0x00000000        0x8 ./Project_Settings/Startup_Code/system_MK22F51212.o
 .group         0x00000000        0x8 ./Project_Settings/Startup_Code/system_MK22F51212.o
 .group         0x00000000        0x8 ./Project_Settings/Startup_Code/system_MK22F51212.o
 .group         0x00000000        0x8 ./Project_Settings/Startup_Code/system_MK22F51212.o
 .group         0x00000000        0x8 ./Project_Settings/Startup_Code/system_MK22F51212.o
 .group         0x00000000        0x8 ./Project_Settings/Startup_Code/system_MK22F51212.o
 .text          0x00000000        0x0 ./Project_Settings/Startup_Code/system_MK22F51212.o
 .data          0x00000000        0x0 ./Project_Settings/Startup_Code/system_MK22F51212.o
 .bss           0x00000000        0x0 ./Project_Settings/Startup_Code/system_MK22F51212.o
 .text.SystemCoreClockUpdate
                0x00000000      0x270 ./Project_Settings/Startup_Code/system_MK22F51212.o
 .debug_macro   0x00000000      0x850 ./Project_Settings/Startup_Code/system_MK22F51212.o
 .debug_macro   0x00000000       0x16 ./Project_Settings/Startup_Code/system_MK22F51212.o
 .debug_macro   0x00000000       0x44 ./Project_Settings/Startup_Code/system_MK22F51212.o
 .debug_macro   0x00000000      0x209 ./Project_Settings/Startup_Code/system_MK22F51212.o
 .debug_macro   0x00000000       0x3b ./Project_Settings/Startup_Code/system_MK22F51212.o
 .debug_macro   0x00000000       0x34 ./Project_Settings/Startup_Code/system_MK22F51212.o
 .debug_macro   0x00000000       0x26 ./Project_Settings/Startup_Code/system_MK22F51212.o
 .debug_macro   0x00000000      0xd1d ./Project_Settings/Startup_Code/system_MK22F51212.o
 .debug_macro   0x00000000       0xda ./Project_Settings/Startup_Code/system_MK22F51212.o
 .debug_macro   0x00000000     0xefee ./Project_Settings/Startup_Code/system_MK22F51212.o
 .data          0x00000000        0x0 c:/freescale/kds_v3/toolchain/bin/../lib/gcc/arm-none-eabi/4.8.4/armv7e-m/fpu\libgcc.a(_arm_addsubdf3.o)
 .bss           0x00000000        0x0 c:/freescale/kds_v3/toolchain/bin/../lib/gcc/arm-none-eabi/4.8.4/armv7e-m/fpu\libgcc.a(_arm_addsubdf3.o)
 .data          0x00000000        0x0 c:/freescale/kds_v3/toolchain/bin/../lib/gcc/arm-none-eabi/4.8.4/armv7e-m/fpu\libgcc.a(_arm_muldivdf3.o)
 .bss           0x00000000        0x0 c:/freescale/kds_v3/toolchain/bin/../lib/gcc/arm-none-eabi/4.8.4/armv7e-m/fpu\libgcc.a(_arm_muldivdf3.o)
 .data          0x00000000        0x0 c:/freescale/kds_v3/toolchain/bin/../lib/gcc/arm-none-eabi/4.8.4/armv7e-m/fpu\libgcc.a(_arm_truncdfsf2.o)
 .bss           0x00000000        0x0 c:/freescale/kds_v3/toolchain/bin/../lib/gcc/arm-none-eabi/4.8.4/armv7e-m/fpu\libgcc.a(_arm_truncdfsf2.o)
 .text          0x00000000        0x0 c:/freescale/kds_v3/toolchain/bin/../lib/gcc/arm-none-eabi/4.8.4/../../../../arm-none-eabi/lib/armv7e-m/fpu\libg_s.a(lib_a-exit.o)
 .data          0x00000000        0x0 c:/freescale/kds_v3/toolchain/bin/../lib/gcc/arm-none-eabi/4.8.4/../../../../arm-none-eabi/lib/armv7e-m/fpu\libg_s.a(lib_a-exit.o)
 .bss           0x00000000        0x0 c:/freescale/kds_v3/toolchain/bin/../lib/gcc/arm-none-eabi/4.8.4/../../../../arm-none-eabi/lib/armv7e-m/fpu\libg_s.a(lib_a-exit.o)
 .text          0x00000000        0x0 c:/freescale/kds_v3/toolchain/bin/../lib/gcc/arm-none-eabi/4.8.4/../../../../arm-none-eabi/lib/armv7e-m/fpu\libg_s.a(lib_a-impure.o)
 .data          0x00000000        0x0 c:/freescale/kds_v3/toolchain/bin/../lib/gcc/arm-none-eabi/4.8.4/../../../../arm-none-eabi/lib/armv7e-m/fpu\libg_s.a(lib_a-impure.o)
 .bss           0x00000000        0x0 c:/freescale/kds_v3/toolchain/bin/../lib/gcc/arm-none-eabi/4.8.4/../../../../arm-none-eabi/lib/armv7e-m/fpu\libg_s.a(lib_a-impure.o)
 .data._impure_ptr
                0x00000000        0x4 c:/freescale/kds_v3/toolchain/bin/../lib/gcc/arm-none-eabi/4.8.4/../../../../arm-none-eabi/lib/armv7e-m/fpu\libg_s.a(lib_a-impure.o)
 .text          0x00000000        0x0 c:/freescale/kds_v3/toolchain/bin/../lib/gcc/arm-none-eabi/4.8.4/../../../../arm-none-eabi/lib/armv7e-m/fpu\libg_s.a(lib_a-init.o)
 .data          0x00000000        0x0 c:/freescale/kds_v3/toolchain/bin/../lib/gcc/arm-none-eabi/4.8.4/../../../../arm-none-eabi/lib/armv7e-m/fpu\libg_s.a(lib_a-init.o)
 .bss           0x00000000        0x0 c:/freescale/kds_v3/toolchain/bin/../lib/gcc/arm-none-eabi/4.8.4/../../../../arm-none-eabi/lib/armv7e-m/fpu\libg_s.a(lib_a-init.o)
 .text          0x00000000        0x0 c:/freescale/kds_v3/toolchain/bin/../lib/gcc/arm-none-eabi/4.8.4/../../../../arm-none-eabi/lib/armv7e-m/fpu\libg_s.a(lib_a-memset.o)
 .data          0x00000000        0x0 c:/freescale/kds_v3/toolchain/bin/../lib/gcc/arm-none-eabi/4.8.4/../../../../arm-none-eabi/lib/armv7e-m/fpu\libg_s.a(lib_a-memset.o)
 .bss           0x00000000        0x0 c:/freescale/kds_v3/toolchain/bin/../lib/gcc/arm-none-eabi/4.8.4/../../../../arm-none-eabi/lib/armv7e-m/fpu\libg_s.a(lib_a-memset.o)
 .text          0x00000000        0x0 c:/freescale/kds_v3/toolchain/bin/../lib/gcc/arm-none-eabi/4.8.4/../../../../arm-none-eabi/lib/armv7e-m/fpu\libnosys.a(_exit.o)
 .data          0x00000000        0x0 c:/freescale/kds_v3/toolchain/bin/../lib/gcc/arm-none-eabi/4.8.4/../../../../arm-none-eabi/lib/armv7e-m/fpu\libnosys.a(_exit.o)
 .bss           0x00000000        0x0 c:/freescale/kds_v3/toolchain/bin/../lib/gcc/arm-none-eabi/4.8.4/../../../../arm-none-eabi/lib/armv7e-m/fpu\libnosys.a(_exit.o)
 .text          0x00000000        0x0 c:/freescale/kds_v3/toolchain/bin/../lib/gcc/arm-none-eabi/4.8.4/armv7e-m/fpu/crtend.o
 .data          0x00000000        0x0 c:/freescale/kds_v3/toolchain/bin/../lib/gcc/arm-none-eabi/4.8.4/armv7e-m/fpu/crtend.o
 .bss           0x00000000        0x0 c:/freescale/kds_v3/toolchain/bin/../lib/gcc/arm-none-eabi/4.8.4/armv7e-m/fpu/crtend.o
 .eh_frame      0x00000000        0x4 c:/freescale/kds_v3/toolchain/bin/../lib/gcc/arm-none-eabi/4.8.4/armv7e-m/fpu/crtend.o
 .text          0x00000000        0x0 c:/freescale/kds_v3/toolchain/bin/../lib/gcc/arm-none-eabi/4.8.4/armv7e-m/fpu/crtn.o
 .data          0x00000000        0x0 c:/freescale/kds_v3/toolchain/bin/../lib/gcc/arm-none-eabi/4.8.4/armv7e-m/fpu/crtn.o
 .bss           0x00000000        0x0 c:/freescale/kds_v3/toolchain/bin/../lib/gcc/arm-none-eabi/4.8.4/armv7e-m/fpu/crtn.o

Memory Configuration

Name             Origin             Length             Attributes
m_interrupts     0x00000000         0x00000400         xr
m_flash_config   0x00000400         0x00000010         xr
m_text           0x00000410         0x0007fbf0         xr
m_data           0x1fff0000         0x00010000         rw
m_data_2         0x20000000         0x00010000         rw
*default*        0x00000000         0xffffffff

Linker script and memory map

LOAD c:/freescale/kds_v3/toolchain/bin/../lib/gcc/arm-none-eabi/4.8.4/armv7e-m/fpu/crti.o
LOAD c:/freescale/kds_v3/toolchain/bin/../lib/gcc/arm-none-eabi/4.8.4/armv7e-m/fpu/crtbegin.o
LOAD c:/freescale/kds_v3/toolchain/bin/../lib/gcc/arm-none-eabi/4.8.4/../../../../arm-none-eabi/lib/armv7e-m/fpu/crt0.o
LOAD ./Sources/EPWM.o
LOAD ./Sources/VREF.o
LOAD ./Sources/adc.o
LOAD ./Sources/dma.o
LOAD ./Sources/main.o
LOAD ./Sources/mcu_tracer.o
LOAD ./Sources/uart1.o
LOAD ./Project_Settings/Startup_Code/startup_MK22F51212.o
LOAD ./Project_Settings/Startup_Code/system_MK22F51212.o
LOAD c:/freescale/kds_v3/toolchain/bin/../lib/gcc/arm-none-eabi/4.8.4/../../../../arm-none-eabi/lib/armv7e-m/fpu\libstdc++_s.a
LOAD c:/freescale/kds_v3/toolchain/bin/../lib/gcc/arm-none-eabi/4.8.4/../../../../arm-none-eabi/lib/armv7e-m/fpu\libm.a
START GROUP
LOAD c:/freescale/kds_v3/toolchain/bin/../lib/gcc/arm-none-eabi/4.8.4/armv7e-m/fpu\libgcc.a
LOAD c:/freescale/kds_v3/toolchain/bin/../lib/gcc/arm-none-eabi/4.8.4/../../../../arm-none-eabi/lib/armv7e-m/fpu\libg_s.a
LOAD c:/freescale/kds_v3/toolchain/bin/../lib/gcc/arm-none-eabi/4.8.4/../../../../arm-none-eabi/lib/armv7e-m/fpu\libc_s.a
END GROUP
START GROUP
LOAD c:/freescale/kds_v3/toolchain/bin/../lib/gcc/arm-none-eabi/4.8.4/armv7e-m/fpu\libgcc.a
LOAD c:/freescale/kds_v3/toolchain/bin/../lib/gcc/arm-none-eabi/4.8.4/../../../../arm-none-eabi/lib/armv7e-m/fpu\libc_s.a
LOAD c:/freescale/kds_v3/toolchain/bin/../lib/gcc/arm-none-eabi/4.8.4/../../../../arm-none-eabi/lib/armv7e-m/fpu\libnosys.a
END GROUP
START GROUP
LOAD c:/freescale/kds_v3/toolchain/bin/../lib/gcc/arm-none-eabi/4.8.4/armv7e-m/fpu\libgcc.a
LOAD c:/freescale/kds_v3/toolchain/bin/../lib/gcc/arm-none-eabi/4.8.4/../../../../arm-none-eabi/lib/armv7e-m/fpu\libc_s.a
LOAD c:/freescale/kds_v3/toolchain/bin/../lib/gcc/arm-none-eabi/4.8.4/../../../../arm-none-eabi/lib/armv7e-m/fpu\libnosys.a
END GROUP
LOAD c:/freescale/kds_v3/toolchain/bin/../lib/gcc/arm-none-eabi/4.8.4/armv7e-m/fpu/crtend.o
LOAD c:/freescale/kds_v3/toolchain/bin/../lib/gcc/arm-none-eabi/4.8.4/armv7e-m/fpu/crtn.o
                0x00000400                HEAP_SIZE = DEFINED (__heap_size__)?__heap_size__:0x400
                0x00000400                STACK_SIZE = DEFINED (__stack_size__)?__stack_size__:0x400

.interrupts     0x00000000      0x400
                0x00000000                __VECTOR_TABLE = .
                0x00000000                . = ALIGN (0x4)
 *(.isr_vector)
 .isr_vector    0x00000000      0x400 ./Project_Settings/Startup_Code/startup_MK22F51212.o
                0x00000000                __isr_vector
                0x00000400                . = ALIGN (0x4)

.flash_config   0x00000400       0x10
                0x00000400                . = ALIGN (0x4)
 *(.FlashConfig)
 .FlashConfig   0x00000400       0x10 ./Project_Settings/Startup_Code/startup_MK22F51212.o
                0x00000410                . = ALIGN (0x4)

.text           0x00000410     0x2680
                0x00000410                . = ALIGN (0x4)
 *(.text)
 .text          0x00000410       0x54 c:/freescale/kds_v3/toolchain/bin/../lib/gcc/arm-none-eabi/4.8.4/armv7e-m/fpu/crtbegin.o
 .text          0x00000464       0x74 c:/freescale/kds_v3/toolchain/bin/../lib/gcc/arm-none-eabi/4.8.4/../../../../arm-none-eabi/lib/armv7e-m/fpu/crt0.o
                0x00000464                _start
                0x00000464                _mainCRTStartup
 .text          0x000004d8       0x30 ./Project_Settings/Startup_Code/startup_MK22F51212.o
                0x000004d8                Reset_Handler
                0x00000504                Reserved54_IRQHandler
                0x00000504                DebugMon_Handler
                0x00000504                I2C0_IRQHandler
                0x00000504                HardFault_Handler
                0x00000504                Reserved86_IRQHandler
                0x00000504                Reserved85_IRQHandler
                0x00000504                SysTick_Handler
                0x00000504                PendSV_Handler
                0x00000504                NMI_Handler
                0x00000504                UART0_RX_TX_IRQHandler
                0x00000504                I2C1_IRQHandler
                0x00000504                DMA2_IRQHandler
                0x00000504                Reserved99_IRQHandler
                0x00000504                PIT0_IRQHandler
                0x00000504                LLWU_IRQHandler
                0x00000504                Reserved84_IRQHandler
                0x00000504                Reserved92_IRQHandler
                0x00000504                UART2_RX_TX_IRQHandler
                0x00000504                SWI_IRQHandler
                0x00000504                ADC0_IRQHandler
                0x00000504                UsageFault_Handler
                0x00000504                I2S0_Tx_IRQHandler
                0x00000504                SPI1_IRQHandler
                0x00000504                DefaultISR
                0x00000504                DMA9_IRQHandler
                0x00000504                DMA14_IRQHandler
                0x00000504                Reserved82_IRQHandler
                0x00000504                CMP1_IRQHandler
                0x00000504                Reserved71_IRQHandler
                0x00000504                PORTD_IRQHandler
                0x00000504                PORTB_IRQHandler
                0x00000504                Reserved70_IRQHandler
                0x00000504                ADC1_IRQHandler
                0x00000504                PIT2_IRQHandler
                0x00000504                I2S0_Rx_IRQHandler
                0x00000504                Reserved53_IRQHandler
                0x00000504                DMA5_IRQHandler
                0x00000504                RTC_IRQHandler
                0x00000504                PDB0_IRQHandler
                0x00000504                Reserved96_IRQHandler
                0x00000504                FTM1_IRQHandler
                0x00000504                Reserved61_IRQHandler
                0x00000504                Reserved95_IRQHandler
                0x00000504                PIT3_IRQHandler
                0x00000504                RTC_Seconds_IRQHandler
                0x00000504                MCG_IRQHandler
                0x00000504                UART2_ERR_IRQHandler
                0x00000504                DMA11_IRQHandler
                0x00000504                Read_Collision_IRQHandler
                0x00000504                Reserved98_IRQHandler
                0x00000504                DMA7_IRQHandler
                0x00000504                Reserved101_IRQHandler
                0x00000504                USB0_IRQHandler
                0x00000504                WDOG_EWM_IRQHandler
                0x00000504                MemManage_Handler
                0x00000504                Reserved90_IRQHandler
                0x00000504                Reserved83_IRQHandler
                0x00000504                SVC_Handler
                0x00000504                DMA13_IRQHandler
                0x00000504                DMA3_IRQHandler
                0x00000504                Reserved100_IRQHandler
                0x00000504                RNG_IRQHandler
                0x00000504                DMA0_IRQHandler
                0x00000504                Reserved97_IRQHandler
                0x00000504                Reserved91_IRQHandler
                0x00000504                LPUART0_IRQHandler
                0x00000504                DMA15_IRQHandler
                0x00000504                DAC0_IRQHandler
                0x00000504                Reserved81_IRQHandler
                0x00000504                Reserved94_IRQHandler
                0x00000504                DMA4_IRQHandler
                0x00000504                PIT1_IRQHandler
                0x00000504                UART0_ERR_IRQHandler
                0x00000504                DMA_Error_IRQHandler
                0x00000504                LVD_LVW_IRQHandler
                0x00000504                SPI0_IRQHandler
                0x00000504                FTM0_IRQHandler
                0x00000504                PORTA_IRQHandler
                0x00000504                DAC1_IRQHandler
                0x00000504                MCM_IRQHandler
                0x00000504                DMA12_IRQHandler
                0x00000504                FTM3_IRQHandler
                0x00000504                PORTE_IRQHandler
                0x00000504                FTM2_IRQHandler
                0x00000504                LPTMR0_IRQHandler
                0x00000504                BusFault_Handler
                0x00000504                DMA8_IRQHandler
                0x00000504                Reserved93_IRQHandler
                0x00000504                DMA10_IRQHandler
                0x00000504                UART1_RX_TX_IRQHandler
                0x00000504                CMP0_IRQHandler
                0x00000504                PORTC_IRQHandler
                0x00000504                DMA6_IRQHandler
                0x00000504                FTF_IRQHandler
                0x00000504                DMA1_IRQHandler
 .text          0x00000508      0x370 c:/freescale/kds_v3/toolchain/bin/../lib/gcc/arm-none-eabi/4.8.4/armv7e-m/fpu\libgcc.a(_arm_addsubdf3.o)
                0x00000508                __aeabi_drsub
                0x00000510                __aeabi_dsub
                0x00000510                __subdf3
                0x00000514                __aeabi_dadd
                0x00000514                __adddf3
                0x0000078c                __floatunsidf
                0x0000078c                __aeabi_ui2d
                0x000007ac                __floatsidf
                0x000007ac                __aeabi_i2d
                0x000007d0                __aeabi_f2d
                0x000007d0                __extendsfdf2
                0x0000080c                __floatundidf
                0x0000080c                __aeabi_ul2d
                0x0000081c                __floatdidf
                0x0000081c                __aeabi_l2d
 .text          0x00000878      0x424 c:/freescale/kds_v3/toolchain/bin/../lib/gcc/arm-none-eabi/4.8.4/armv7e-m/fpu\libgcc.a(_arm_muldivdf3.o)
                0x00000878                __aeabi_dmul
                0x00000878                __muldf3
                0x00000acc                __divdf3
                0x00000acc                __aeabi_ddiv
 .text          0x00000c9c       0xa0 c:/freescale/kds_v3/toolchain/bin/../lib/gcc/arm-none-eabi/4.8.4/armv7e-m/fpu\libgcc.a(_arm_truncdfsf2.o)
                0x00000c9c                __truncdfsf2
                0x00000c9c                __aeabi_d2f
 *(.text*)
 .text.VREF_Init
                0x00000d3c       0x6c ./Sources/VREF.o
                0x00000d3c                VREF_Init
 .text.ADC_calibrate
                0x00000da8      0x1f0 ./Sources/adc.o
                0x00000da8                ADC_calibrate
 .text.ADC_init
                0x00000f98      0x120 ./Sources/adc.o
                0x00000f98                ADC_init
 .text.DMA_init
                0x000010b8      0x2f0 ./Sources/dma.o
                0x000010b8                DMA_init
 .text.main     0x000013a8      0x458 ./Sources/main.o
                0x000013a8                main
 .text.mcu_tracer_config
                0x00001800       0x14 ./Sources/mcu_tracer.o
                0x00001800                mcu_tracer_config
 .text.mcu_tracer_fill
                0x00001814      0x518 ./Sources/mcu_tracer.o
                0x00001814                mcu_tracer_fill
 .text.rec_char
                0x00001d2c       0x64 ./Sources/mcu_tracer.o
                0x00001d2c                rec_char
 .text.rec_checksum
                0x00001d90       0x5c ./Sources/mcu_tracer.o
                0x00001d90                rec_checksum
 .text.mcu_tracer_process
                0x00001dec      0x120 ./Sources/mcu_tracer.o
                0x00001dec                mcu_tracer_process
 .text.mcu_tracer_reject_data_check
                0x00001f0c       0x1c ./Sources/mcu_tracer.o
                0x00001f0c                mcu_tracer_reject_data_check
 .text.mcu_tracer_write_serial
                0x00001f28       0x40 ./Sources/mcu_tracer.o
                0x00001f28                mcu_tracer_write_serial
 .text.mcu_tracer_flush_buffer
                0x00001f68       0x20 ./Sources/mcu_tracer.o
                0x00001f68                mcu_tracer_flush_buffer
 .text.mcu_tracer_write_string
                0x00001f88       0x30 ./Sources/mcu_tracer.o
                0x00001f88                mcu_tracer_write_string
 .text.mcu_tracer_send_checksum
                0x00001fb8       0x34 ./Sources/mcu_tracer.o
                0x00001fb8                mcu_tracer_send_checksum
 .text.mcu_tracer_init
                0x00001fec       0xa0 ./Sources/mcu_tracer.o
                0x00001fec                mcu_tracer_init
 .text.mcu_tracer_vals
                0x0000208c       0x98 ./Sources/mcu_tracer.o
                0x0000208c                mcu_tracer_vals
 .text.mcu_tracer_update
                0x00002124      0x168 ./Sources/mcu_tracer.o
                0x00002124                mcu_tracer_update
 .text.mcu_tracer_msg
                0x0000228c       0x28 ./Sources/mcu_tracer.o
                0x0000228c                mcu_tracer_msg
 .text.mcu_tracer_inform
                0x000022b4       0x94 ./Sources/mcu_tracer.o
                0x000022b4                mcu_tracer_inform
 .text.mcu_tracer_ping
                0x00002348       0x18 ./Sources/mcu_tracer.o
                0x00002348                mcu_tracer_ping
 .text.mcu_tracer_emergency_reply
                0x00002360       0x1c ./Sources/mcu_tracer.o
                0x00002360                mcu_tracer_emergency_reply
 .text.mcu_tracer_emergency
                0x0000237c       0x10 ./Sources/mcu_tracer.o
                0x0000237c                mcu_tracer_emergency
 .text.NVIC_EnableIRQ
                0x0000238c       0x30 ./Sources/uart1.o
 .text.UART1_init_defaultparam
                0x000023bc       0x6c ./Sources/uart1.o
                0x000023bc                UART1_init_defaultparam
 .text.UART1_startup
                0x00002428       0xc4 ./Sources/uart1.o
                0x00002428                UART1_startup
 .text.UART1_dma_complete_wait
                0x000024ec       0x48 ./Sources/uart1.o
                0x000024ec                UART1_dma_complete_wait
 .text.UART1_txBulk
                0x00002534       0x8c ./Sources/uart1.o
                0x00002534                UART1_txBulk
 .text.UART1_rec_size
                0x000025c0       0x30 ./Sources/uart1.o
                0x000025c0                UART1_rec_size
 .text.UART1_rec_buf_reset
                0x000025f0       0xc4 ./Sources/uart1.o
                0x000025f0                UART1_rec_buf_reset
 .text.UART1_buffercontent
                0x000026b4       0x24 ./Sources/uart1.o
                0x000026b4                UART1_buffercontent
 .text.UART1_getch
                0x000026d8       0x44 ./Sources/uart1.o
                0x000026d8                UART1_getch
 .text.UART1_ERR_IRQHandler
                0x0000271c       0x2c ./Sources/uart1.o
                0x0000271c                UART1_ERR_IRQHandler
 .text.SystemInit
                0x00002748      0x20c ./Project_Settings/Startup_Code/system_MK22F51212.o
                0x00002748                SystemInit
 .text.exit     0x00002954       0x28 c:/freescale/kds_v3/toolchain/bin/../lib/gcc/arm-none-eabi/4.8.4/../../../../arm-none-eabi/lib/armv7e-m/fpu\libg_s.a(lib_a-exit.o)
                0x00002954                exit
 .text.__libc_init_array
                0x0000297c       0x4c c:/freescale/kds_v3/toolchain/bin/../lib/gcc/arm-none-eabi/4.8.4/../../../../arm-none-eabi/lib/armv7e-m/fpu\libg_s.a(lib_a-init.o)
                0x0000297c                __libc_init_array
 .text.memset   0x000029c8       0x10 c:/freescale/kds_v3/toolchain/bin/../lib/gcc/arm-none-eabi/4.8.4/../../../../arm-none-eabi/lib/armv7e-m/fpu\libg_s.a(lib_a-memset.o)
                0x000029c8                memset
 .text._exit    0x000029d8        0x4 c:/freescale/kds_v3/toolchain/bin/../lib/gcc/arm-none-eabi/4.8.4/../../../../arm-none-eabi/lib/armv7e-m/fpu\libnosys.a(_exit.o)
                0x000029d8                _exit
 *(.rodata)
 .rodata        0x000029dc       0x94 ./Sources/mcu_tracer.o
 *(.rodata*)
 .rodata.str1.1
                0x00002a70        0x2 c:/freescale/kds_v3/toolchain/bin/../lib/gcc/arm-none-eabi/4.8.4/../../../../arm-none-eabi/lib/armv7e-m/fpu\libg_s.a(lib_a-impure.o)
 *fill*         0x00002a72        0x2 
 .rodata._global_impure_ptr
                0x00002a74        0x4 c:/freescale/kds_v3/toolchain/bin/../lib/gcc/arm-none-eabi/4.8.4/../../../../arm-none-eabi/lib/armv7e-m/fpu\libg_s.a(lib_a-impure.o)
                0x00002a74                _global_impure_ptr
 *(.glue_7)
 .glue_7        0x00000000        0x0 linker stubs
 *(.glue_7t)
 .glue_7t       0x00000000        0x0 linker stubs
 *(.eh_frame)
 .eh_frame      0x00002a78        0x0 c:/freescale/kds_v3/toolchain/bin/../lib/gcc/arm-none-eabi/4.8.4/armv7e-m/fpu/crtbegin.o
 *(.init)
 .init          0x00002a78        0x4 c:/freescale/kds_v3/toolchain/bin/../lib/gcc/arm-none-eabi/4.8.4/armv7e-m/fpu/crti.o
                0x00002a78                _init
 .init          0x00002a7c        0x8 c:/freescale/kds_v3/toolchain/bin/../lib/gcc/arm-none-eabi/4.8.4/armv7e-m/fpu/crtn.o
 *(.fini)
 .fini          0x00002a84        0x4 c:/freescale/kds_v3/toolchain/bin/../lib/gcc/arm-none-eabi/4.8.4/armv7e-m/fpu/crti.o
                0x00002a84                _fini
 .fini          0x00002a88        0x8 c:/freescale/kds_v3/toolchain/bin/../lib/gcc/arm-none-eabi/4.8.4/armv7e-m/fpu/crtn.o
                0x00002a90                . = ALIGN (0x4)

.vfp11_veneer   0x00002a90        0x0
 .vfp11_veneer  0x00000000        0x0 linker stubs

.v4_bx          0x00002a90        0x0
 .v4_bx         0x00000000        0x0 linker stubs

.iplt           0x00002a90        0x0
 .iplt          0x00000000        0x0 c:/freescale/kds_v3/toolchain/bin/../lib/gcc/arm-none-eabi/4.8.4/armv7e-m/fpu/crtbegin.o

.ARM.extab
 *(.ARM.extab* .gnu.linkonce.armextab.*)

.ARM            0x00002a90        0x8
                0x00002a90                __exidx_start = .
 *(.ARM.exidx*)
 .ARM.exidx     0x00002a90        0x8 c:/freescale/kds_v3/toolchain/bin/../lib/gcc/arm-none-eabi/4.8.4/../../../../arm-none-eabi/lib/armv7e-m/fpu/crt0.o
                0x00002a98                __exidx_end = .

.rel.dyn        0x00002a98        0x0
 .rel.iplt      0x00000000        0x0 c:/freescale/kds_v3/toolchain/bin/../lib/gcc/arm-none-eabi/4.8.4/armv7e-m/fpu/crtbegin.o

.ctors          0x00002a98        0x0
                0x00002a98                __CTOR_LIST__ = .
 *crtbegin.o(.ctors)
 *crtbegin?.o(.ctors)
 *(EXCLUDE_FILE(*crtend.o *crtend?.o) .ctors)
 *(SORT(.ctors.*))
 *(.ctors)
                0x00002a98                __CTOR_END__ = .

.dtors          0x00002a98        0x0
                0x00002a98                __DTOR_LIST__ = .
 *crtbegin.o(.dtors)
 *crtbegin?.o(.dtors)
 *(EXCLUDE_FILE(*crtend.o *crtend?.o) .dtors)
 *(SORT(.dtors.*))
 *(.dtors)
                0x00002a98                __DTOR_END__ = .

.preinit_array  0x00002a98        0x0
                0x00002a98                PROVIDE (__preinit_array_start, .)
 *(.preinit_array*)
                0x00002a98                PROVIDE (__preinit_array_end, .)

.init_array     0x00002a98        0x4
                0x00002a98                PROVIDE (__init_array_start, .)
 *(SORT(.init_array.*))
 *(.init_array*)
 .init_array    0x00002a98        0x4 c:/freescale/kds_v3/toolchain/bin/../lib/gcc/arm-none-eabi/4.8.4/armv7e-m/fpu/crtbegin.o
                0x00002a9c                PROVIDE (__init_array_end, .)

.fini_array     0x00002a9c        0x4
                0x00002a9c                PROVIDE (__fini_array_start, .)
 *(SORT(.fini_array.*))
 *(.fini_array*)
 .fini_array    0x00002a9c        0x4 c:/freescale/kds_v3/toolchain/bin/../lib/gcc/arm-none-eabi/4.8.4/armv7e-m/fpu/crtbegin.o
                0x00002aa0                PROVIDE (__fini_array_end, .)
                0x00002aa0                __etext = .
                0x00002aa0                __DATA_ROM = .

.data           0x1fff0000       0x6c load address 0x00002aa0
                0x1fff0000                . = ALIGN (0x4)
                0x1fff0000                __DATA_RAM = .
                0x1fff0000                __data_start__ = .
 *(.data)
 *(.data*)
 .data.led_lauflicht
                0x1fff0000        0x4 ./Sources/mcu_tracer.o
                0x1fff0000                led_lauflicht
 .data.SystemCoreClock
                0x1fff0004        0x4 ./Project_Settings/Startup_Code/system_MK22F51212.o
                0x1fff0004                SystemCoreClock
 .data.impure_data
                0x1fff0008       0x60 c:/freescale/kds_v3/toolchain/bin/../lib/gcc/arm-none-eabi/4.8.4/../../../../arm-none-eabi/lib/armv7e-m/fpu\libg_s.a(lib_a-impure.o)
 *(.jcr*)
 .jcr           0x1fff0068        0x0 c:/freescale/kds_v3/toolchain/bin/../lib/gcc/arm-none-eabi/4.8.4/armv7e-m/fpu/crtbegin.o
 .jcr           0x1fff0068        0x4 c:/freescale/kds_v3/toolchain/bin/../lib/gcc/arm-none-eabi/4.8.4/armv7e-m/fpu/crtend.o
                0x1fff006c                . = ALIGN (0x4)
                0x1fff006c                __data_end__ = .
                0x00002b0c                __DATA_END = (__DATA_ROM + (__data_end__ - __data_start__))

.igot.plt       0x1fff006c        0x0 load address 0x00002b0c
 .igot.plt      0x00000000        0x0 c:/freescale/kds_v3/toolchain/bin/../lib/gcc/arm-none-eabi/4.8.4/armv7e-m/fpu/crtbegin.o

.bss            0x1fff006c      0x8d4 load address 0x00002b0c
                0x1fff006c                . = ALIGN (0x4)
                0x1fff006c                __START_BSS = .
                0x1fff006c                __bss_start__ = .
 *(.bss)
 .bss           0x1fff006c       0x1c c:/freescale/kds_v3/toolchain/bin/../lib/gcc/arm-none-eabi/4.8.4/armv7e-m/fpu/crtbegin.o
 *(.bss*)
 .bss.duty_cycle
                0x1fff0088        0x1 ./Sources/main.o
                0x1fff0088                duty_cycle
 .bss.mcu_tracer_reject_data
                0x1fff0089        0x1 ./Sources/mcu_tracer.o
                0x1fff0089                mcu_tracer_reject_data
 .bss.sendbuf_pos
                0x1fff008a        0x2 ./Sources/mcu_tracer.o
                0x1fff008a                sendbuf_pos
 *(COMMON)
 COMMON         0x1fff008c       0x1d ./Sources/dma.o
                0x1fff008c                vo
                0x1fff0098                cu
                0x1fff00a0                adc_mux_current
                0x1fff00a4                adc_mux_voltage
 *fill*         0x1fff00a9        0x3 
 COMMON         0x1fff00ac       0x48 ./Sources/main.o
                0x1fff00ac                voltage
                0x1fff00c0                current
                0x1fff00d0                cur
                0x1fff00e0                vol
 COMMON         0x1fff00f4      0x780 ./Sources/mcu_tracer.o
                0x1fff00f4                testfloat_original
                0x1fff00f8                sendbuf
                0x1fff04e0                mainloop_iterations
                0x1fff04e4                debug2
                0x1fff04e8                monitorvars
                0x1fff0858                global_checksum
                0x1fff085c                testfloat_approx
                0x1fff0860                debugbefore
                0x1fff0864                mcu_tracer_checksum
                0x1fff0868                debug1
                0x1fff086c                debug3
                0x1fff0870                testfloat
 COMMON         0x1fff0874       0xcc ./Sources/uart1.o
                0x1fff0874                recpos
                0x1fff0878                recievebuf
                0x1fff0940                . = ALIGN (0x4)
                0x1fff0940                __bss_end__ = .
                0x1fff0940                __END_BSS = .

.heap           0x20000000      0x400
                0x20000000                . = ALIGN (0x8)
                0x20000000                __end__ = .
                0x20000000                PROVIDE (end, .)
                0x20000000                __HeapBase = .
                0x20000400                . = (. + HEAP_SIZE)
 *fill*         0x20000000      0x400 
                0x20000400                __HeapLimit = .

.stack          0x20000400      0x400
                0x20000400                . = ALIGN (0x8)
                0x20000800                . = (. + STACK_SIZE)
 *fill*         0x20000400      0x400 
                0x20010000                __StackTop = (ORIGIN (m_data_2) + 0x10000)
                0x2000fc00                __StackLimit = (__StackTop - STACK_SIZE)
                0x20010000                PROVIDE (__stack, __StackTop)

.ARM.attributes
                0x00000000       0x30
 *(.ARM.attributes)
 .ARM.attributes
                0x00000000       0x22 c:/freescale/kds_v3/toolchain/bin/../lib/gcc/arm-none-eabi/4.8.4/armv7e-m/fpu/crti.o
 .ARM.attributes
                0x00000022       0x34 c:/freescale/kds_v3/toolchain/bin/../lib/gcc/arm-none-eabi/4.8.4/armv7e-m/fpu/crtbegin.o
 .ARM.attributes
                0x00000056       0x20 c:/freescale/kds_v3/toolchain/bin/../lib/gcc/arm-none-eabi/4.8.4/../../../../arm-none-eabi/lib/armv7e-m/fpu/crt0.o
 .ARM.attributes
                0x00000076       0x39 ./Sources/VREF.o
 .ARM.attributes
                0x000000af       0x39 ./Sources/adc.o
 .ARM.attributes
                0x000000e8       0x39 ./Sources/dma.o
 .ARM.attributes
                0x00000121       0x39 ./Sources/main.o
 .ARM.attributes
                0x0000015a       0x39 ./Sources/mcu_tracer.o
 .ARM.attributes
                0x00000193       0x39 ./Sources/uart1.o
 .ARM.attributes
                0x000001cc       0x1f ./Project_Settings/Startup_Code/startup_MK22F51212.o
 .ARM.attributes
                0x000001eb       0x39 ./Project_Settings/Startup_Code/system_MK22F51212.o
 .ARM.attributes
                0x00000224       0x22 c:/freescale/kds_v3/toolchain/bin/../lib/gcc/arm-none-eabi/4.8.4/armv7e-m/fpu\libgcc.a(_arm_addsubdf3.o)
 .ARM.attributes
                0x00000246       0x22 c:/freescale/kds_v3/toolchain/bin/../lib/gcc/arm-none-eabi/4.8.4/armv7e-m/fpu\libgcc.a(_arm_muldivdf3.o)
 .ARM.attributes
                0x00000268       0x22 c:/freescale/kds_v3/toolchain/bin/../lib/gcc/arm-none-eabi/4.8.4/armv7e-m/fpu\libgcc.a(_arm_truncdfsf2.o)
 .ARM.attributes
                0x0000028a       0x34 c:/freescale/kds_v3/toolchain/bin/../lib/gcc/arm-none-eabi/4.8.4/../../../../arm-none-eabi/lib/armv7e-m/fpu\libg_s.a(lib_a-exit.o)
 .ARM.attributes
                0x000002be       0x34 c:/freescale/kds_v3/toolchain/bin/../lib/gcc/arm-none-eabi/4.8.4/../../../../arm-none-eabi/lib/armv7e-m/fpu\libg_s.a(lib_a-impure.o)
 .ARM.attributes
                0x000002f2       0x34 c:/freescale/kds_v3/toolchain/bin/../lib/gcc/arm-none-eabi/4.8.4/../../../../arm-none-eabi/lib/armv7e-m/fpu\libg_s.a(lib_a-init.o)
 .ARM.attributes
                0x00000326       0x34 c:/freescale/kds_v3/toolchain/bin/../lib/gcc/arm-none-eabi/4.8.4/../../../../arm-none-eabi/lib/armv7e-m/fpu\libg_s.a(lib_a-memset.o)
 .ARM.attributes
                0x0000035a       0x34 c:/freescale/kds_v3/toolchain/bin/../lib/gcc/arm-none-eabi/4.8.4/../../../../arm-none-eabi/lib/armv7e-m/fpu\libnosys.a(_exit.o)
 .ARM.attributes
                0x0000038e       0x34 c:/freescale/kds_v3/toolchain/bin/../lib/gcc/arm-none-eabi/4.8.4/armv7e-m/fpu/crtend.o
 .ARM.attributes
                0x000003c2       0x22 c:/freescale/kds_v3/toolchain/bin/../lib/gcc/arm-none-eabi/4.8.4/armv7e-m/fpu/crtn.o
                0x00000001                ASSERT ((__StackLimit >= __HeapLimit), region m_data_2 overflowed with stack and heap)
OUTPUT(Gesamt_Projekt.elf elf32-littlearm)

.debug_info     0x00000000     0x3352
 .debug_info    0x00000000      0x2bc ./Sources/VREF.o
 .debug_info    0x000002bc      0x531 ./Sources/adc.o
 .debug_info    0x000007ed      0x867 ./Sources/dma.o
 .debug_info    0x00001054      0x1e0 ./Sources/main.o
 .debug_info    0x00001234      0x661 ./Sources/mcu_tracer.o
 .debug_info    0x00001895      0xf02 ./Sources/uart1.o
 .debug_info    0x00002797       0x9b ./Project_Settings/Startup_Code/startup_MK22F51212.o
 .debug_info    0x00002832      0xb20 ./Project_Settings/Startup_Code/system_MK22F51212.o

.debug_abbrev   0x00000000      0xa02
 .debug_abbrev  0x00000000       0xe0 ./Sources/VREF.o
 .debug_abbrev  0x000000e0      0x11a ./Sources/adc.o
 .debug_abbrev  0x000001fa      0x158 ./Sources/dma.o
 .debug_abbrev  0x00000352       0x9e ./Sources/main.o
 .debug_abbrev  0x000003f0      0x234 ./Sources/mcu_tracer.o
 .debug_abbrev  0x00000624      0x289 ./Sources/uart1.o
 .debug_abbrev  0x000008ad       0x14 ./Project_Settings/Startup_Code/startup_MK22F51212.o
 .debug_abbrev  0x000008c1      0x141 ./Project_Settings/Startup_Code/system_MK22F51212.o

.debug_aranges  0x00000000      0x208
 .debug_aranges
                0x00000000       0x20 ./Sources/VREF.o
 .debug_aranges
                0x00000020       0x30 ./Sources/adc.o
 .debug_aranges
                0x00000050       0x20 ./Sources/dma.o
 .debug_aranges
                0x00000070       0x20 ./Sources/main.o
 .debug_aranges
                0x00000090       0xa8 ./Sources/mcu_tracer.o
 .debug_aranges
                0x00000138       0x88 ./Sources/uart1.o
 .debug_aranges
                0x000001c0       0x20 ./Project_Settings/Startup_Code/startup_MK22F51212.o
 .debug_aranges
                0x000001e0       0x28 ./Project_Settings/Startup_Code/system_MK22F51212.o

.debug_ranges   0x00000000      0x190
 .debug_ranges  0x00000000       0x10 ./Sources/VREF.o
 .debug_ranges  0x00000010       0x20 ./Sources/adc.o
 .debug_ranges  0x00000030       0x10 ./Sources/dma.o
 .debug_ranges  0x00000040       0x10 ./Sources/main.o
 .debug_ranges  0x00000050       0xb0 ./Sources/mcu_tracer.o
 .debug_ranges  0x00000100       0x78 ./Sources/uart1.o
 .debug_ranges  0x00000178       0x18 ./Project_Settings/Startup_Code/system_MK22F51212.o

.debug_macro    0x00000000     0x1445
 .debug_macro   0x00000000       0x97 ./Sources/VREF.o
 .debug_macro   0x00000097       0xa5 ./Sources/adc.o
 .debug_macro   0x0000013c       0x9c ./Sources/dma.o
 .debug_macro   0x000001d8       0x10 ./Sources/dma.o
 .debug_macro   0x000001e8       0xcb ./Sources/main.o
 .debug_macro   0x000002b3       0x22 ./Sources/main.o
 .debug_macro   0x000002d5      0x103 ./Sources/mcu_tracer.o
 .debug_macro   0x000003d8       0x58 ./Sources/mcu_tracer.o
 .debug_macro   0x00000430       0x35 ./Sources/mcu_tracer.o
 .debug_macro   0x00000465       0xa3 ./Sources/mcu_tracer.o
 .debug_macro   0x00000508      0x166 ./Sources/mcu_tracer.o
 .debug_macro   0x0000066e       0x52 ./Sources/mcu_tracer.o
 .debug_macro   0x000006c0       0x16 ./Sources/mcu_tracer.o
 .debug_macro   0x000006d6       0x43 ./Sources/mcu_tracer.o
 .debug_macro   0x00000719      0x180 ./Sources/mcu_tracer.o
 .debug_macro   0x00000899      0x2a6 ./Sources/mcu_tracer.o
 .debug_macro   0x00000b3f       0x10 ./Sources/mcu_tracer.o
 .debug_macro   0x00000b4f       0x35 ./Sources/mcu_tracer.o
 .debug_macro   0x00000b84      0x17e ./Sources/uart1.o
 .debug_macro   0x00000d02       0x16 ./Sources/uart1.o
 .debug_macro   0x00000d18       0x97 ./Sources/uart1.o
 .debug_macro   0x00000daf       0x10 ./Sources/uart1.o
 .debug_macro   0x00000dbf       0xef ./Sources/uart1.o
 .debug_macro   0x00000eae       0x4a ./Sources/uart1.o
 .debug_macro   0x00000ef8       0x10 ./Sources/uart1.o
 .debug_macro   0x00000f08       0x22 ./Sources/uart1.o
 .debug_macro   0x00000f2a       0xbd ./Sources/uart1.o
 .debug_macro   0x00000fe7       0x16 ./Sources/uart1.o
 .debug_macro   0x00000ffd      0x14a ./Sources/uart1.o
 .debug_macro   0x00001147      0x20f ./Sources/uart1.o
 .debug_macro   0x00001356       0x88 ./Project_Settings/Startup_Code/system_MK22F51212.o
 .debug_macro   0x000013de       0x67 ./Project_Settings/Startup_Code/system_MK22F51212.o

.debug_line     0x00000000     0x151a
 .debug_line    0x00000000      0x1f1 ./Sources/VREF.o
 .debug_line    0x000001f1      0x270 ./Sources/adc.o
 .debug_line    0x00000461      0x227 ./Sources/dma.o
 .debug_line    0x00000688      0x28b ./Sources/main.o
 .debug_line    0x00000913      0x4e4 ./Sources/mcu_tracer.o
 .debug_line    0x00000df7      0x3f7 ./Sources/uart1.o
 .debug_line    0x000011ee       0x7b ./Project_Settings/Startup_Code/startup_MK22F51212.o
 .debug_line    0x00001269      0x2b1 ./Project_Settings/Startup_Code/system_MK22F51212.o

.debug_str      0x00000000    0x629be
 .debug_str     0x00000000    0x5eb96 ./Sources/VREF.o
                              0x5ed03 (size before relaxing)
 .debug_str     0x0005eb96       0xce ./Sources/adc.o
                              0x5edbe (size before relaxing)
 .debug_str     0x0005ec64      0x207 ./Sources/dma.o
                              0x5ef3f (size before relaxing)
 .debug_str     0x0005ee6b       0xd4 ./Sources/main.o
                              0x5ed74 (size before relaxing)
 .debug_str     0x0005ef3f     0x2784 ./Sources/mcu_tracer.o
                               0x5826 (size before relaxing)
 .debug_str     0x000616c3     0x1155 ./Sources/uart1.o
                              0x616b0 (size before relaxing)
 .debug_str     0x00062818      0x1a6 ./Project_Settings/Startup_Code/system_MK22F51212.o
                              0x5f39f (size before relaxing)

.comment        0x00000000       0x70
 .comment       0x00000000       0x70 ./Sources/VREF.o
                                 0x71 (size before relaxing)
 .comment       0x00000000       0x71 ./Sources/adc.o
 .comment       0x00000000       0x71 ./Sources/dma.o
 .comment       0x00000000       0x71 ./Sources/main.o
 .comment       0x00000000       0x71 ./Sources/mcu_tracer.o
 .comment       0x00000000       0x71 ./Sources/uart1.o
 .comment       0x00000000       0x71 ./Project_Settings/Startup_Code/system_MK22F51212.o

.debug_frame    0x00000000      0x570
 .debug_frame   0x00000000       0x28 ./Sources/VREF.o
 .debug_frame   0x00000028       0x64 ./Sources/adc.o
 .debug_frame   0x0000008c       0x28 ./Sources/dma.o
 .debug_frame   0x000000b4       0x2c ./Sources/main.o
 .debug_frame   0x000000e0      0x230 ./Sources/mcu_tracer.o
 .debug_frame   0x00000310      0x188 ./Sources/uart1.o
 .debug_frame   0x00000498       0x44 ./Project_Settings/Startup_Code/system_MK22F51212.o
 .debug_frame   0x000004dc       0x28 c:/freescale/kds_v3/toolchain/bin/../lib/gcc/arm-none-eabi/4.8.4/../../../../arm-none-eabi/lib/armv7e-m/fpu\libg_s.a(lib_a-exit.o)
 .debug_frame   0x00000504       0x2c c:/freescale/kds_v3/toolchain/bin/../lib/gcc/arm-none-eabi/4.8.4/../../../../arm-none-eabi/lib/armv7e-m/fpu\libg_s.a(lib_a-init.o)
 .debug_frame   0x00000530       0x20 c:/freescale/kds_v3/toolchain/bin/../lib/gcc/arm-none-eabi/4.8.4/../../../../arm-none-eabi/lib/armv7e-m/fpu\libg_s.a(lib_a-memset.o)
 .debug_frame   0x00000550       0x20 c:/freescale/kds_v3/toolchain/bin/../lib/gcc/arm-none-eabi/4.8.4/../../../../arm-none-eabi/lib/armv7e-m/fpu\libnosys.a(_exit.o)
